231
193
5 22 L
28 24 L
30 30 U
29 4 L
12 12 U
1 26 L
4 1 D
13 26 U
15 8 U
18 14 R
7 11 R
22 5 D
21 26 R
29 12 D
1 23 R
21 13 X
4 10 L
12 21 R
24 15 D
30 25 U
27 30 U
5 3 X
2 8 U
21 28 D
7 26 D
15 13 L
27 13 U
1 30 X
3 8 D
1 15 D
26 4 U
16 23 D
11 15 L
26 19 R
12 1 D
22 20 U
23 1 D
4 24 R
19 27 D
19 20 X
22 29 R
2 6 X
8 17 R
23 13 U
5 25 L
10 17 L
19 29 U
30 19 X
19 18 U
17 25 R
14 10 U
14 9 D
9 22 D
4 29 R
17 12 D
25 11 L
18 2 L
7 19 D
24 7 U
6 10 R
27 29 D
13 4 D
21 14 D
15 5 D
12 24 R
8 13 X
13 30 L
22 7 L
30 7 X
27 11 D
10 5 D
17 11 U
22 18 R
11 9 R
14 20 R
10 4 L
30 28 X
29 14 D
8 4 X
1 10 L
16 1 R
3 25 X
6 18 R
6 13 D
3 18 U
26 23 X
24 4 U
7 1 U
5 20 L
29 23 D
7 28 L
2 14 L
20 15 R
22 9 R
12 13 U
6 26 R
10 19 D
7 24 R
12 17 U
3 5 U
22 3 R
6 14 X
8 11 R
24 24 U
9 2 X
19 10 D
7 21 L
1 3 D
29 21 R
6 17 D
12 19 R
14 19 L
5 16 D
11 23 D
13 14 D
17 17 L
14 7 D
6 2 X
22 22 X
29 18 R
23 26 U
7 6 U
10 12 R
15 24 U
4 5 D
17 28 R
16 30 U
1 20 D
17 8 R
18 22 D
20 22 X
15 11 U
9 8 U
27 19 L
14 6 L
1 12 L
30 10 R
20 30 D
18 5 U
15 4 L
29 2 L
5 27 L
28 25 U
25 9 D
29 16 U
11 25 U
30 5 R
27 21 L
24 22 D
3 20 R
2 28 R
18 4 U
3 16 U
15 26 X
28 8 R
18 10 U
25 13 R
26 2 U
3 11 U
20 24 D
24 20 R
10 26 U
21 1 D
20 14 U
8 10 X
10 27 U
11 3 R
12 7 U
13 12 D
4 4 D
13 21 R
9 24 D
22 16 R
28 6 D
26 6 D
2 27 U
17 6 R
4 6 R
19 12 R
14 22 R
27 9 R
17 20 X
20 1 X
21 11 D
21 16 R
23 12 U
26 25 L
24 11 U
25 27 R
26 18 L
11 29 X
27 27 L
9 28 X
