190
193
4 5 D
26 4 U
1 3 D
2 21 L
22 29 L
3 11 U
6 24 R
27 29 D
3 30 D
28 20 U
17 24 L
9 10 D
4 1 D
24 15 D
12 27 L
17 19 D
7 26 L
2 6 L
5 29 X
25 20 D
12 15 D
4 24 D
1 16 R
1 29 D
24 10 D
9 22 D
13 21 R
25 26 U
11 21 L
26 8 R
18 11 R
10 19 D
21 16 U
25 13 R
11 25 L
13 8 D
28 6 U
17 30 L
20 9 R
8 7 R
24 4 U
12 1 D
29 24 R
12 4 R
19 27 D
14 17 R
21 18 L
10 14 L
10 7 D
15 25 D
20 13 U
8 1 X
7 28 L
3 16 U
20 20 L
29 2 D
3 8 D
18 22 D
12 13 U
30 22 R
20 24 D
9 12 U
25 1 U
5 8 R
5 22 L
22 15 L
1 10 R
21 22 R
29 5 R
24 24 U
11 11 R
26 2 U
7 19 D
29 16 U
22 23 R
29 12 D
24 8 R
27 11 L
4 26 L
12 30 X
9 25 D
11 6 L
6 13 D
2 9 U
24 28 U
2 14 R
26 12 R
30 3 U
5 20 L
18 30 L
27 24 U
25 6 L
23 17 R
27 27 L
18 5 U
19 15 R
15 23 U
9 30 U
12 11 D
8 17 R
8 5 X
23 26 U
21 11 D
23 12 U
1 26 R
16 1 R
14 27 X
22 3 R
10 2 L
13 23 U
11 9 R
15 21 U
17 17 L
16 10 D
16 8 L
15 6 D
23 21 D
16 12 L
20 5 L
14 29 U
26 29 R
6 4 U
17 3 R
23 6 R
28 18 R
15 14 U
17 14 L
19 18 U
21 1 D
3 13 U
3 9 D
30 7 L
12 18 U
14 13 L
19 2 X
17 27 L
3 14 R
26 22 U
8 20 U
15 19 X
30 30 U
23 19 U
5 11 D
4 2 U
13 25 U
26 16 R
7 11 R
2 24 U
6 26 U
14 10 U
22 7 L
25 18 X
10 4 D
22 5 D
4 6 R
6 18 D
26 28 U
2 23 D
15 4 U
30 10 R
5 16 D
6 17 D
18 7 U
21 25 D
4 18 D
29 14 D
28 22 D
13 5 D
1 23 X
28 1 D
30 20 R
29 26 X
10 17 D
10 27 U
1 12 X
21 13 D
6 2 L
28 10 R
29 28 X
11 23 X
19 24 X
6 20 L
24 11 U
20 14 U
18 9 U
1 19 L
23 10 U
21 26 R
13 20 U
14 2 X
30 19 U
24 3 D
2 19 L
