203
197
13 4 D
22 5 R
16 13 D
5 6 D
10 2 L
3 30 D
3 16 L
17 30 L
6 20 D
6 17 U
22 23 R
15 6 D
28 26 U
11 9 R
30 10 R
28 28 L
6 24 R
1 7 R
11 16 U
5 8 U
2 27 U
13 23 D
2 12 R
26 12 R
5 27 D
3 3 U
6 12 D
12 27 L
17 11 L
26 3 U
20 15 R
7 8 D
24 10 L
26 14 U
4 24 D
21 25 D
28 22 D
20 18 R
29 13 D
4 19 D
16 26 D
29 21 D
16 10 R
28 10 L
5 3 R
25 30 D
2 14 R
19 27 D
13 14 D
4 18 D
26 8 R
17 17 L
14 13 L
18 17 R
5 10 L
8 10 X
24 2 L
12 7 U
10 4 L
24 7 U
30 19 U
4 14 X
6 26 U
21 26 D
15 17 X
4 23 U
1 16 D
29 14 D
9 13 D
26 10 D
29 5 R
21 28 L
15 4 D
1 10 R
9 15 X
19 17 L
23 14 U
4 21 D
11 23 D
8 11 R
22 2 L
16 24 R
19 25 X
17 22 R
30 5 R
10 27 U
14 10 R
23 17 R
13 30 L
8 27 U
7 24 R
1 29 D
11 6 L
12 6 L
26 28 U
21 18 L
18 9 U
1 23 R
27 5 R
17 6 L
13 2 L
16 1 R
24 5 U
27 19 L
15 5 D
14 20 R
28 30 D
10 20 D
23 25 L
10 21 R
27 24 R
21 19 D
23 19 D
17 28 X
6 15 R
3 20 R
24 11 U
23 10 U
24 22 D
25 26 U
1 4 X
16 8 L
29 4 L
5 29 X
25 20 D
19 1 U
24 4 D
15 29 R
26 1 X
13 16 L
2 25 U
14 25 L
24 28 U
1 1 X
29 2 L
13 12 L
16 3 U
7 1 U
20 13 U
18 7 U
21 21 L
7 30 D
17 19 D
20 11 L
23 12 U
22 3 R
25 24 D
12 4 U
28 8 X
22 29 L
25 16 L
18 2 U
26 22 L
17 3 R
12 19 R
7 11 U
18 11 R
14 9 L
8 21 D
7 6 X
23 13 U
20 23 D
27 17 U
3 5 U
30 25 U
3 9 D
30 29 X
9 25 D
11 25 D
1 19 L
30 22 R
15 8 R
12 12 U
12 13 U
13 9 R
12 14 U
14 7 D
7 4 X
6 13 D
3 1 R
6 22 X
10 11 L
10 18 D
29 12 D
8 17 U
9 18 U
9 19 U
13 18 D
14 6 L
7 26 D
23 26 R
21 29 R
29 23 U
18 16 L
18 28 R
20 5 L
19 30 X
