208
193
13 14 R
6 4 U
12 17 U
27 30 U
7 19 U
1 29 D
14 1 U
12 19 U
14 10 D
25 20 D
6 28 L
1 4 X
20 30 D
21 26 D
22 29 R
23 9 L
5 6 D
13 8 D
8 9 L
17 22 R
28 6 D
29 4 L
29 13 D
5 10 L
25 27 R
21 14 D
4 29 R
20 1 X
18 20 L
4 1 D
20 17 D
25 11 L
2 21 L
22 16 R
4 27 X
1 7 R
26 6 D
14 7 D
30 15 L
22 18 R
3 24 L
8 17 R
20 28 L
19 10 D
8 11 R
6 17 D
11 11 R
28 28 L
5 25 U
24 22 D
10 26 U
8 27 D
27 16 D
13 5 D
4 5 D
23 12 L
1 16 D
13 24 D
11 6 R
30 22 U
9 30 U
29 11 D
26 15 U
16 30 U
27 24 R
3 16 L
26 3 U
10 23 R
22 23 R
7 24 R
6 21 U
24 4 D
18 30 L
21 16 U
18 5 U
30 7 L
3 3 U
30 25 U
19 17 L
19 23 L
26 5 U
8 20 L
24 25 R
28 2 X
9 15 X
15 13 L
18 14 L
7 14 L
17 12 R
26 18 L
29 9 U
19 25 X
12 21 L
16 9 D
3 7 D
15 25 D
1 23 R
13 26 U
20 5 L
14 29 U
9 4 X
10 20 D
20 21 X
24 7 U
24 14 D
30 30 U
1 19 L
11 1 U
4 21 U
3 1 R
3 11 U
26 22 L
10 17 L
14 3 R
23 25 U
1 15 D
6 12 L
2 27 U
25 24 D
21 10 D
4 19 D
30 24 L
28 18 U
14 20 R
30 19 U
2 9 U
17 3 L
18 17 R
18 16 U
10 8 D
25 1 R
28 26 U
12 14 U
1 12 L
22 5 D
16 1 R
5 14 X
22 2 L
6 18 D
5 23 R
3 13 U
21 8 X
12 11 D
6 20 D
12 10 D
19 12 R
28 21 X
10 4 L
15 6 D
6 2 L
18 10 U
17 27 L
11 25 L
9 25 D
11 3 R
12 24 R
13 12 D
26 8 R
15 11 D
30 27 X
27 11 L
16 8 L
29 23 U
23 26 R
27 13 U
9 13 D
17 25 X
21 12 D
15 8 R
15 18 U
24 20 R
23 29 L
22 20 U
10 5 D
21 4 D
15 5 D
2 25 U
11 28 X
24 18 R
14 22 U
24 24 U
17 28 R
7 26 D
23 6 U
25 29 X
1 2 X
2 17 R
17 6 R
12 18 U
7 28 L
21 11 D
13 18 X
27 19 R
