191
194
1 13 D
1 16 D
2 14 R
5 2 L
7 14 L
7 4 X
9 12 U
26 12 R
6 26 L
2 6 L
21 28 D
13 9 R
14 20 R
5 6 L
5 23 R
7 8 D
1 26 R
27 24 R
24 4 U
24 15 D
1 3 D
16 19 X
18 20 L
5 20 L
9 1 D
26 16 R
23 17 U
20 26 R
19 7 X
11 26 D
4 26 L
26 14 U
4 4 D
8 29 R
3 24 L
24 27 L
29 9 U
16 10 D
23 10 R
24 8 U
17 15 D
12 18 U
22 9 R
15 24 U
29 14 D
6 17 L
25 29 L
30 25 U
8 25 R
19 29 U
17 17 L
3 11 U
1 30 X
10 23 R
15 5 U
9 10 D
7 21 L
10 26 U
20 20 L
2 19 L
24 2 L
6 12 D
7 1 U
7 23 X
11 3 R
3 29 U
24 10 L
21 16 U
14 7 R
23 25 L
16 24 R
15 2 D
8 21 D
28 26 U
17 1 R
17 3 R
17 22 R
30 22 U
20 9 R
3 1 R
13 25 U
13 28 R
26 10 L
26 2 U
1 10 L
1 20 D
24 20 L
16 30 U
29 16 U
6 28 L
18 10 X
16 8 L
17 27 L
19 18 U
26 4 U
10 17 D
2 21 D
29 18 R
23 13 U
20 24 D
1 19 L
13 12 L
17 12 R
14 17 R
17 30 L
17 11 U
8 27 D
13 23 L
7 19 L
21 12 D
12 12 U
4 10 L
10 8 D
13 4 D
15 13 L
26 19 R
21 4 U
11 21 L
14 1 U
11 11 L
7 6 U
5 30 U
21 14 D
23 29 L
25 24 D
28 6 U
30 7 L
6 10 R
18 11 R
21 1 D
1 12 L
21 6 D
14 15 L
28 3 D
25 6 L
25 11 L
12 13 U
15 27 X
3 14 R
16 9 D
10 5 D
2 24 U
28 20 U
29 2 L
23 6 R
28 28 L
2 28 U
10 15 R
27 30 U
30 28 X
10 19 D
30 30 U
19 1 U
15 4 D
20 22 U
21 18 L
12 7 U
22 21 X
9 19 U
24 22 L
27 17 R
30 20 R
15 11 L
14 13 L
5 22 L
12 19 R
3 8 D
30 4 X
12 21 R
26 22 U
18 5 U
23 19 L
17 8 L
22 23 U
11 25 L
9 3 D
14 10 R
13 5 U
12 14 U
8 17 U
3 12 X
4 18 D
18 24 X
28 22 R
29 11 U
19 12 R
29 13 D
30 24 L
11 23 D
12 16 X
27 11 L
4 16 X
2 25 U
13 13 X
