191
197
1 16 D
3 14 R
8 7 R
10 4 L
19 1 U
4 21 U
17 6 R
3 8 D
9 1 D
12 29 D
27 9 D
11 16 U
5 25 U
17 1 R
28 24 L
5 16 D
10 26 L
19 5 X
19 12 U
21 1 D
13 8 D
14 30 D
1 14 X
21 26 R
12 21 R
2 21 L
1 12 L
7 24 R
2 28 U
24 3 D
25 21 R
5 3 R
20 24 D
29 11 D
26 16 R
28 20 L
12 14 U
6 5 U
22 18 D
30 19 U
26 18 X
15 8 R
2 24 U
21 4 U
6 7 L
15 4 L
18 23 U
20 30 D
30 22 R
15 23 U
14 17 R
7 14 L
13 25 U
25 19 U
3 18 U
28 25 D
11 9 L
24 24 U
27 5 R
5 10 L
25 1 R
2 4 L
23 30 U
24 14 D
1 10 L
21 13 D
11 11 L
23 20 X
17 15 D
2 2 D
10 7 D
4 6 R
28 26 R
17 27 L
17 30 L
7 1 U
12 27 L
20 28 L
14 20 R
25 27 R
12 19 U
23 21 D
1 26 R
29 5 R
10 14 L
27 27 L
20 9 R
24 7 U
10 23 R
9 28 L
5 11 D
21 22 R
15 24 U
29 23 L
25 30 D
9 20 R
7 11 R
7 26 R
17 17 L
15 11 D
27 13 U
23 1 D
22 16 R
20 20 L
4 24 D
3 13 U
29 2 D
26 19 R
9 12 U
13 23 L
28 10 U
28 18 U
7 21 L
29 16 U
17 3 R
2 6 L
15 13 L
14 15 L
24 28 U
7 29 X
20 17 D
12 4 U
26 10 L
17 8 R
6 26 R
7 19 U
23 10 R
29 29 R
11 23 D
30 7 L
5 13 X
23 12 U
27 24 U
18 20 L
21 6 D
26 25 D
24 5 U
15 2 D
1 19 L
27 29 D
17 12 R
25 9 R
4 19 D
24 15 D
8 25 R
21 11 D
23 26 D
3 11 U
18 10 U
13 12 L
29 13 D
30 27 X
8 5 X
30 3 U
6 18 U
27 11 D
3 30 D
4 10 L
4 27 X
21 28 D
22 20 U
12 6 L
4 17 D
13 2 L
6 17 D
26 22 L
10 18 D
9 10 D
1 29 D
11 2 X
8 3 X
19 15 L
14 10 D
19 29 U
22 8 D
24 8 R
26 4 U
14 28 X
11 22 U
18 22 D
27 2 X
17 25 U
29 12 D
30 25 X
26 5 U
13 4 D
14 6 L
23 19 U
30 20 R
23 14 U
16 19 X
13 9 R
2 17 U
8 17 R
6 24 R
12 13 U
23 25 U
