272
185
13 9 R
18 23 U
1 29 L
20 17 D
28 26 U
1 19 L
15 13 L
1 26 R
5 8 R
6 17 L
14 13 R
16 30 U
6 7 L
27 24 R
14 15 U
7 19 U
3 18 U
18 16 D
12 17 U
19 4 X
2 2 D
7 1 U
30 29 X
19 12 R
2 23 D
29 12 D
23 13 U
7 26 R
15 6 R
22 29 R
11 3 U
25 24 D
26 28 X
4 6 R
23 23 X
10 7 D
30 10 R
10 20 D
24 6 X
25 12 X
17 25 R
8 9 L
12 6 L
30 22 U
23 26 R
20 23 D
5 22 L
2 6 L
16 27 X
22 18 R
9 12 U
13 26 U
16 1 R
30 24 L
26 3 U
1 12 L
26 14 L
24 24 U
26 7 X
13 23 D
4 5 D
17 27 X
24 18 U
3 9 D
22 23 R
13 5 D
11 27 X
17 11 U
10 11 L
28 3 D
2 21 L
19 19 U
27 5 R
8 7 X
1 10 L
4 28 X
21 25 L
11 1 X
11 25 D
14 22 U
9 19 U
24 27 X
3 16 L
23 6 U
24 28 D
4 13 X
28 28 L
9 1 D
21 4 U
3 25 D
10 19 D
3 8 D
24 8 U
17 20 X
10 14 L
23 12 L
3 11 U
1 23 R
25 16 L
21 1 D
26 10 U
14 29 U
21 28 D
11 22 U
9 15 X
28 18 R
28 10 L
23 22 X
8 29 R
19 21 R
29 2 L
21 2 X
12 21 R
23 15 X
25 30 D
18 2 L
5 11 D
20 14 U
7 11 R
17 6 U
3 22 L
28 30 L
25 1 R
9 24 D
10 4 D
18 5 U
8 27 L
21 12 D
7 14 L
7 24 R
29 20 L
5 27 L
27 4 X
14 7 R
2 14 R
23 21 D
23 25 U
22 20 U
4 18 D
18 10 U
22 15 L
30 26 X
17 14 L
6 26 L
24 25 R
10 21 U
13 18 D
20 8 X
17 12 D
30 15 L
25 20 D
26 18 L
13 2 L
22 3 R
4 24 D
2 8 U
24 10 L
29 7 L
11 16 U
12 30 X
26 5 U
17 28 R
30 5 R
11 11 L
5 30 U
6 4 U
8 17 U
12 12 U
13 12 D
15 25 D
7 21 L
17 18 D
18 7 U
29 5 X
22 9 R
27 1 X
12 14 U
15 21 U
16 9 D
16 16 D
19 29 U
9 25 D
15 8 R
13 4 D
13 19 X
