189
201
12 14 U
10 7 D
1 29 L
1 15 D
6 20 L
8 21 D
2 6 L
7 28 L
26 8 R
5 16 R
5 22 L
14 9 D
13 25 U
28 20 L
27 21 U
29 9 U
21 19 U
3 22 R
12 10 D
6 14 X
9 28 L
30 19 U
10 4 L
26 10 D
10 11 L
12 17 U
5 3 R
23 14 U
9 13 D
17 20 X
4 24 D
8 13 U
2 25 U
16 8 L
1 20 D
29 23 U
7 1 U
12 12 U
30 30 U
14 19 L
19 29 U
27 24 R
3 1 R
19 19 U
22 20 L
15 5 D
21 1 D
23 26 U
25 16 L
20 7 X
17 27 L
29 13 D
9 1 D
22 3 X
8 11 R
5 6 D
25 24 D
5 27 D
11 23 R
1 10 R
22 23 U
18 14 R
12 4 R
22 16 R
6 18 D
4 10 L
15 23 U
10 20 D
27 29 D
21 13 D
9 16 D
16 1 R
12 1 D
5 30 U
30 22 L
3 11 U
28 17 L
26 19 R
1 19 L
15 21 U
20 26 R
24 20 R
17 22 R
18 7 U
2 8 U
17 30 L
24 18 R
9 18 U
4 18 D
1 3 D
17 14 L
6 12 L
3 27 X
14 30 D
23 10 U
14 13 R
10 21 R
16 12 L
25 30 D
24 2 L
24 5 U
18 5 U
2 14 L
29 21 R
25 26 U
7 16 R
2 19 L
19 12 R
20 15 R
6 9 U
22 5 L
30 15 L
18 10 U
28 12 L
22 18 D
21 18 L
19 17 L
30 5 R
15 25 D
2 17 L
24 22 D
8 7 R
15 6 D
20 5 L
13 21 R
20 22 U
12 19 U
3 29 U
7 30 D
17 17 L
26 12 R
29 11 D
12 27 L
14 10 R
29 26 L
10 26 U
7 4 X
4 20 X
17 3 L
4 5 D
24 8 R
14 6 L
13 28 R
28 6 D
19 1 U
23 12 L
26 26 D
26 5 U
28 15 X
20 24 D
21 10 U
29 2 D
11 25 U
25 27 R
10 9 X
26 18 D
30 24 L
23 29 L
17 18 D
27 19 R
3 16 L
21 12 D
3 8 D
13 23 U
6 24 R
30 17 X
24 14 D
21 28 L
27 17 U
1 23 R
11 22 D
28 4 X
2 9 U
15 4 U
4 6 R
30 28 X
23 25 L
7 26 L
16 10 U
21 11 D
4 13 X
18 25 X
14 2 X
18 4 U
11 6 L
16 3 U
8 24 X
29 12 D
1 12 X
1 26 R
27 27 D
22 7 D
11 29 X
24 4 D
15 17 X
26 2 U
18 11 R
7 11 R
13 8 D
11 26 X
13 24 D
