184
197
9 13 D
3 8 D
29 18 R
27 7 L
5 3 R
1 26 R
27 23 D
16 8 L
9 25 D
13 26 U
30 20 R
5 11 D
1 20 D
23 26 D
30 5 R
17 25 U
26 12 R
5 16 R
14 17 R
23 12 L
3 25 D
30 22 R
13 2 L
21 1 D
28 12 L
15 24 U
9 3 D
17 12 D
19 29 U
25 19 U
1 15 D
21 26 D
6 28 L
18 16 D
8 17 U
10 6 X
12 15 D
9 28 L
16 13 D
13 12 L
10 17 D
26 4 U
12 8 U
4 6 R
3 24 L
23 14 U
21 28 D
6 7 L
29 29 U
29 12 D
24 10 D
12 21 L
21 13 D
30 25 U
20 24 D
8 7 R
7 5 X
26 2 U
25 6 L
2 2 R
29 23 L
20 20 D
30 15 L
24 2 L
4 27 X
23 23 R
28 25 U
7 26 R
7 1 U
1 10 L
11 1 U
16 23 D
7 22 X
16 16 D
5 30 U
7 11 R
14 20 R
1 23 R
9 30 U
17 18 D
2 12 R
11 25 L
20 15 R
27 21 L
19 4 D
28 1 D
19 27 D
26 29 R
20 9 R
23 21 D
19 1 U
25 21 D
28 14 X
30 3 U
21 6 D
2 28 R
15 29 R
23 30 U
18 10 U
23 19 U
5 25 R
26 28 U
11 27 X
15 5 D
12 19 U
2 4 R
8 20 U
8 9 X
1 12 L
14 9 D
27 16 D
18 14 R
22 8 D
21 19 U
24 8 R
10 14 D
17 3 L
6 18 D
25 26 X
3 16 U
27 19 L
3 11 U
4 13 X
12 29 D
27 9 D
8 25 R
10 11 L
12 10 U
7 16 U
13 24 X
7 14 L
26 14 U
16 10 R
25 24 D
10 20 D
6 9 U
4 19 D
1 30 X
17 30 L
18 22 D
24 28 U
14 22 U
4 10 L
30 10 R
26 26 D
21 11 D
30 27 X
15 13 L
12 6 L
3 22 L
21 18 L
25 17 D
18 20 L
16 1 R
16 26 D
2 19 L
1 19 L
13 14 D
29 13 D
7 24 R
27 27 D
13 13 X
6 20 L
4 1 D
19 12 R
17 6 L
14 7 D
22 5 L
11 3 R
27 11 L
4 5 D
23 6 R
10 23 L
23 25 U
26 10 L
2 25 U
12 12 U
14 13 L
23 17 R
13 4 D
15 2 R
24 4 U
2 17 U
6 24 U
6 26 L
5 22 L
1 7 R
20 30 D
15 4 D
10 18 D
15 11 U
14 10 D
23 10 U
17 8 L
20 22 X
29 5 R
24 27 U
