197
197
5 10 L
27 27 L
2 14 R
9 28 L
4 6 R
16 26 D
26 22 U
5 20 R
20 28 L
4 18 D
9 1 D
1 7 R
1 3 D
6 5 R
24 4 D
4 26 D
4 10 L
27 11 L
3 16 U
17 1 R
13 28 R
7 8 D
23 12 L
24 27 L
2 28 U
26 3 U
20 22 U
9 25 D
21 14 D
18 26 X
30 19 U
17 20 X
24 5 U
21 19 D
3 8 D
29 16 U
18 16 D
23 10 U
14 17 R
23 17 R
11 25 D
15 21 U
16 8 L
13 23 D
22 29 R
9 12 U
10 9 R
2 23 D
10 20 D
13 24 D
18 14 L
5 22 X
17 28 R
2 24 U
22 23 U
10 23 L
30 24 L
1 26 R
6 24 R
26 1 X
19 24 X
22 8 D
26 14 L
15 4 D
18 11 R
19 19 D
14 9 L
15 13 L
21 12 D
10 7 D
29 7 L
25 29 L
26 29 R
24 23 X
25 17 D
24 7 U
27 9 U
12 11 D
25 19 U
20 13 U
5 16 R
1 19 L
8 6 X
13 4 D
16 12 L
6 13 D
10 18 D
15 2 R
21 15 X
26 6 D
16 30 U
13 21 R
6 4 U
2 30 L
11 16 R
11 3 U
28 30 L
12 10 U
29 12 D
30 30 U
21 18 L
23 25 L
30 3 U
24 15 D
30 22 L
29 27 U
22 5 L
11 11 R
4 2 U
7 16 U
18 9 U
17 6 R
21 25 L
2 10 R
5 6 L
7 21 L
12 13 U
21 1 D
7 11 U
25 11 L
9 22 L
16 10 D
17 3 R
30 5 R
17 24 L
6 28 L
3 5 U
17 18 D
3 12 X
2 25 U
12 21 R
14 7 D
27 19 D
14 13 L
14 15 U
11 27 X
20 30 D
3 20 R
1 12 L
26 2 U
28 24 L
13 26 U
19 2 X
19 4 D
22 20 U
7 1 U
25 1 U
21 10 U
6 18 R
11 29 X
28 22 D
28 5 X
20 8 X
13 2 L
6 12 D
28 1 D
1 16 R
7 24 R
29 14 D
1 20 D
23 29 L
7 19 L
15 23 X
23 21 D
12 6 L
27 17 R
1 10 L
29 10 X
23 13 U
10 14 L
4 29 R
13 20 U
3 18 U
10 5 D
15 19 X
12 19 U
7 26 R
4 24 D
12 8 U
8 4 X
16 15 X
1 5 X
26 25 D
8 10 X
8 20 L
22 18 L
18 22 X
16 13 D
25 9 U
8 27 L
15 25 D
14 6 L
20 17 L
23 2 X
3 14 R
29 26 L
18 30 L
