178
203
18 7 U
24 14 D
3 24 L
8 13 L
27 27 L
1 21 X
19 4 D
6 2 L
21 13 D
2 26 X
25 1 R
21 11 D
6 17 U
13 8 D
17 27 L
3 20 R
30 7 X
25 20 D
30 30 U
16 3 R
2 6 L
1 10 L
29 14 D
2 8 U
5 8 R
2 14 R
10 27 U
18 22 D
9 1 D
23 30 U
27 21 U
24 28 U
11 25 L
11 22 D
5 16 D
24 15 D
30 5 R
12 1 D
15 18 U
15 8 R
29 5 R
20 9 R
8 27 U
29 4 L
20 22 X
7 16 R
3 13 U
23 25 L
6 18 U
16 10 R
26 5 U
27 19 L
26 3 U
16 1 R
8 29 R
1 16 R
13 21 D
8 7 R
22 23 R
20 15 R
23 21 D
4 2 U
2 27 U
15 6 R
11 11 L
26 25 L
23 9 L
6 28 L
10 14 L
10 18 D
6 5 R
2 30 L
27 13 U
24 7 U
4 15 U
18 17 R
17 17 L
16 12 U
22 3 R
8 20 L
25 23 L
27 11 L
14 29 U
19 30 X
1 2 X
24 5 U
21 28 L
14 25 L
28 25 U
26 29 R
26 8 R
16 13 D
27 5 R
3 11 U
21 29 R
23 26 R
27 16 D
20 24 D
20 28 L
16 30 U
19 1 U
9 22 D
21 1 D
1 19 L
20 17 D
3 22 X
28 8 R
28 30 L
10 9 R
13 25 U
7 19 L
19 12 R
1 23 R
4 26 L
2 4 L
13 4 D
14 10 R
14 15 U
3 18 U
9 18 U
30 22 U
13 12 D
14 2 X
3 16 U
29 11 U
10 12 D
26 4 U
22 29 L
23 14 U
11 6 L
25 17 D
18 9 U
30 20 R
17 25 U
17 20 X
18 10 U
21 6 D
5 23 R
4 4 D
5 20 L
4 29 R
29 2 L
24 2 L
18 14 L
28 24 L
9 16 D
10 20 D
30 25 U
15 23 U
7 26 D
7 21 L
18 28 R
1 12 L
23 17 U
23 19 D
5 25 D
25 9 U
7 11 U
12 27 L
24 25 R
11 3 R
21 26 D
15 4 L
17 6 L
17 12 D
1 26 L
12 19 R
12 4 R
29 18 R
21 19 R
23 12 U
17 3 L
29 13 D
13 23 U
19 19 U
23 10 U
14 13 R
9 24 D
13 5 D
17 24 L
6 13 D
29 12 D
7 24 R
6 26 U
28 26 R
12 11 D
30 24 L
15 20 X
27 1 X
12 17 U
25 11 L
17 28 R
12 14 U
4 6 R
30 10 R
15 5 D
5 10 X
12 10 D
10 4 L
6 21 U
28 18 R
26 6 X
24 11 U
