203
188
4 5 D
5 7 U
12 10 U
29 23 U
30 29 X
27 27 L
12 15 D
24 8 U
7 30 D
7 11 R
2 14 R
3 30 D
17 24 X
17 11 U
14 30 D
2 23 D
4 1 D
29 14 D
10 19 D
23 14 U
22 3 R
24 2 L
10 5 D
7 6 U
26 1 X
21 13 D
21 11 D
26 7 X
6 4 U
30 5 R
6 18 D
13 2 L
2 26 X
1 7 R
3 8 D
9 24 D
4 24 R
23 25 U
6 21 U
2 27 X
25 16 L
21 1 D
20 22 U
1 19 L
10 17 L
13 25 U
7 28 L
15 24 U
6 15 R
20 28 L
3 20 U
4 2 U
17 6 U
26 5 U
16 12 U
21 28 L
17 1 R
25 21 U
15 2 D
28 10 R
5 27 D
22 9 R
1 21 X
6 2 L
13 28 R
23 6 L
17 3 R
17 20 X
12 6 L
21 26 D
22 21 X
16 26 L
29 7 L
30 20 R
22 23 U
18 26 U
24 27 U
20 17 D
16 8 L
6 13 D
3 18 U
1 16 D
12 18 U
24 25 R
8 21 D
24 18 U
27 19 R
8 13 L
17 18 D
30 25 U
7 24 R
10 14 D
24 10 L
8 20 U
13 26 U
9 1 D
13 4 D
30 22 U
19 12 U
11 25 L
25 13 R
17 30 L
7 16 R
8 17 R
16 13 D
6 26 L
15 18 U
5 16 R
1 26 R
26 25 L
11 22 D
26 3 U
19 4 D
20 24 D
6 9 U
10 20 D
29 27 U
20 14 U
4 22 X
22 5 R
14 9 D
23 12 U
13 20 U
9 3 D
9 19 U
2 12 L
27 22 X
14 7 D
26 10 D
19 15 R
1 1 X
30 10 R
25 23 L
3 10 X
15 11 U
14 15 L
23 10 R
25 29 L
24 20 L
24 4 U
17 22 R
19 19 U
19 10 D
29 18 R
28 1 D
17 15 R
9 8 U
15 4 L
27 17 U
7 26 D
18 28 R
15 21 U
14 13 L
13 23 U
1 10 R
20 6 X
11 3 R
23 23 R
26 29 R
12 8 U
29 12 D
4 26 D
27 29 D
26 14 L
12 12 U
18 2 L
10 12 R
29 16 U
25 11 L
23 30 U
2 4 L
2 25 U
5 11 D
22 16 R
22 18 R
28 8 R
18 14 L
8 27 D
10 11 L
12 17 U
28 30 D
18 9 U
18 10 U
23 29 L
28 5 X
1 29 L
30 3 L
28 25 U
