203
200
3 5 U
14 19 L
7 11 R
9 22 D
7 28 L
10 27 U
5 7 U
12 8 U
12 19 R
21 10 U
20 5 L
26 26 D
18 26 U
6 26 R
10 12 D
29 9 U
20 22 U
24 4 D
15 21 X
23 14 U
2 8 U
18 11 R
11 22 D
27 29 D
23 6 R
11 1 X
4 5 D
30 5 R
29 13 D
1 3 D
17 1 D
6 24 R
24 8 U
2 21 L
3 13 U
13 4 X
15 24 U
26 2 U
12 10 U
30 27 X
21 26 X
26 16 R
2 25 U
29 11 D
12 13 U
24 22 D
12 24 U
26 7 X
18 7 U
13 26 U
30 20 R
27 21 U
20 18 R
25 11 L
3 3 L
4 23 U
4 19 D
7 8 D
23 13 U
18 24 X
2 19 L
2 27 U
21 16 R
8 20 U
28 18 R
10 20 D
25 30 D
7 30 D
6 17 L
16 9 D
28 15 R
23 26 U
20 13 U
23 25 L
10 17 L
9 10 D
23 12 U
29 29 R
14 1 U
22 5 R
10 30 X
7 6 U
25 9 U
23 10 R
11 3 R
24 20 R
15 6 D
30 15 L
15 11 L
2 10 R
26 23 R
24 18 R
6 18 D
17 11 L
12 4 R
27 11 D
14 9 L
13 21 D
17 14 L
4 26 D
14 29 U
20 20 D
1 16 R
4 21 D
4 1 D
5 11 D
5 30 U
6 20 L
9 24 D
3 30 X
17 30 L
20 24 D
21 28 L
14 3 R
16 1 R
16 12 U
17 22 R
21 1 D
15 2 R
26 5 U
28 6 D
25 13 D
24 2 L
19 17 L
12 17 U
21 22 R
7 14 L
7 19 D
30 3 U
30 25 U
9 1 D
19 27 D
15 4 D
21 11 D
18 14 L
11 25 U
10 19 D
13 6 X
27 9 U
26 19 R
10 5 D
9 20 R
18 4 U
1 12 L
19 18 U
16 26 L
13 23 U
26 18 D
1 14 X
8 27 L
3 16 U
28 26 R
12 15 D
8 17 U
25 26 U
3 25 D
14 16 X
29 18 R
1 6 X
1 29 L
24 14 D
14 13 L
6 4 U
17 19 D
29 2 L
2 24 U
27 19 R
11 6 R
5 10 L
30 22 R
8 13 L
19 15 L
1 10 L
5 28 X
30 7 X
8 4 X
5 14 X
22 23 R
18 16 L
22 8 X
22 18 L
6 21 X
4 10 L
6 2 L
22 20 L
16 10 R
21 4 D
22 29 L
15 8 R
17 17 L
19 29 U
28 4 X
13 25 U
7 24 R
28 24 L
24 28 D
17 28 X
13 5 D
29 23 L
29 17 X
