228
195
21 25 D
21 11 D
26 25 L
24 3 D
22 2 L
24 8 U
14 15 L
7 30 D
5 27 L
12 19 R
6 12 D
6 4 U
13 4 D
12 24 U
7 8 D
13 25 X
7 26 D
29 16 U
3 3 L
22 16 R
1 3 D
19 1 U
8 10 X
23 1 D
1 10 R
29 27 U
3 20 R
10 12 R
2 17 R
21 19 D
24 17 X
18 16 D
17 14 L
23 12 U
6 17 L
13 2 L
23 14 U
11 1 U
11 22 U
22 20 U
1 23 R
21 10 D
12 21 R
15 13 L
24 20 L
7 28 L
22 7 L
29 11 D
27 14 X
1 20 D
8 17 R
12 11 D
6 21 U
2 27 U
18 9 U
29 4 L
17 25 R
6 26 R
23 10 R
25 30 D
4 17 D
4 16 X
24 7 U
20 3 R
15 6 R
29 7 L
9 8 X
14 27 X
17 1 R
20 11 L
11 28 X
25 13 R
16 26 L
5 10 L
14 25 L
10 21 U
27 7 L
20 15 R
7 24 R
27 19 R
1 13 D
4 18 D
4 10 L
23 29 L
5 6 L
3 12 X
3 14 R
5 2 L
17 28 R
6 20 L
28 25 U
15 4 D
19 24 X
29 9 U
30 25 U
5 25 D
10 5 D
29 13 D
22 18 D
1 19 L
13 12 D
6 18 D
8 6 X
12 15 D
13 23 U
26 28 U
10 26 U
27 9 R
15 18 U
15 23 U
14 29 U
9 29 X
8 11 R
29 2 L
2 6 L
2 8 U
30 30 U
17 3 R
18 30 L
15 5 D
10 19 D
20 13 U
17 6 U
27 4 X
4 27 X
14 10 D
23 2 X
7 1 U
3 24 L
26 16 R
25 26 U
22 23 R
17 17 L
18 20 L
30 7 L
5 20 L
9 19 U
4 29 R
18 7 U
17 11 L
13 17 X
2 10 R
24 24 U
19 27 D
1 16 R
10 14 D
26 26 D
19 17 X
4 26 L
21 13 D
7 21 L
25 6 L
24 4 D
16 8 L
23 26 R
19 18 U
9 24 D
18 5 U
12 12 U
3 22 X
28 30 L
30 19 U
11 9 L
20 5 X
17 24 L
11 25 D
12 6 L
28 22 R
14 22 U
24 5 U
12 13 U
20 18 R
7 14 L
21 28 D
18 22 D
6 10 R
16 9 U
25 1 R
25 11 L
16 30 U
27 11 D
1 29 L
30 22 L
13 8 D
10 18 D
27 21 U
16 23 X
17 15 D
2 26 X
11 26 D
27 28 X
26 14 L
23 30 U
8 22 X
9 10 D
