194
199
6 18 D
9 12 U
1 3 D
11 6 L
1 16 R
4 1 D
18 5 U
6 26 U
2 27 U
5 22 L
6 4 U
3 11 U
1 19 L
21 1 D
24 3 D
23 1 D
5 13 X
27 24 U
27 23 D
5 6 L
22 5 R
21 26 R
1 23 R
18 16 L
10 2 L
15 5 U
1 12 L
7 6 U
9 16 D
13 30 L
12 19 U
29 11 U
28 28 L
7 30 D
13 27 X
9 29 X
15 8 R
2 8 U
18 17 R
16 1 R
8 9 L
1 10 L
6 20 D
7 14 L
18 7 U
30 5 R
10 8 D
7 24 R
16 22 X
13 2 L
10 18 D
6 17 U
15 14 U
20 24 D
14 20 R
16 10 U
24 28 D
5 8 R
3 18 U
5 11 D
26 22 L
18 9 U
28 26 U
13 4 D
25 23 L
25 26 U
25 6 L
20 28 L
8 20 L
12 4 R
12 13 U
26 18 L
21 18 L
24 20 L
4 18 D
4 21 U
4 26 L
19 1 U
6 2 L
22 8 D
21 13 D
13 24 D
23 30 U
21 16 U
3 24 L
23 17 R
4 29 R
14 10 R
29 18 R
19 29 U
20 5 L
16 3 U
4 15 U
8 27 D
2 30 L
30 20 R
10 23 R
11 9 R
23 23 R
16 24 R
16 20 X
28 17 L
16 29 D
30 10 R
25 30 D
30 25 U
25 1 R
24 14 D
3 5 U
12 17 U
13 8 D
14 22 R
27 21 L
25 12 X
23 29 L
26 25 D
8 17 R
30 15 L
19 19 U
27 1 X
1 5 X
19 17 L
29 13 D
27 9 U
30 30 U
24 10 D
9 6 X
20 7 X
27 7 L
18 11 R
20 13 U
13 20 U
12 15 D
12 24 U
22 20 L
19 26 X
17 27 L
3 13 U
2 21 L
29 4 L
11 26 D
6 28 L
4 19 D
1 26 L
18 2 U
3 3 L
7 11 R
24 22 L
15 27 X
17 14 L
27 29 D
12 11 D
12 21 R
10 21 U
21 11 D
17 24 L
27 11 L
26 15 U
21 28 D
23 12 U
15 6 D
14 19 L
28 18 R
30 22 R
15 4 D
11 11 R
22 3 R
20 14 U
29 12 D
9 25 D
13 25 U
21 10 U
13 21 R
23 10 R
15 13 L
8 25 R
7 16 R
17 17 L
22 23 U
29 7 L
26 14 L
29 2 L
6 24 R
22 7 D
23 25 U
10 14 D
24 4 U
23 26 U
24 27 U
28 22 D
5 16 D
30 28 X
23 6 L
14 13 L
10 4 L
26 4 U
26 19 R
23 9 D
28 4 X
