243
187
21 11 D
8 17 R
21 16 U
27 1 X
23 17 R
13 30 L
22 29 L
20 3 R
16 1 R
10 18 D
13 5 D
9 20 R
7 26 D
28 26 R
23 23 R
3 13 U
14 7 D
21 26 R
14 9 D
2 8 U
1 12 L
1 26 L
28 5 X
26 14 U
30 10 R
26 18 D
22 7 D
8 21 X
22 5 D
23 1 U
21 10 U
12 19 U
14 22 U
15 13 L
2 30 L
9 24 D
24 27 U
30 25 U
1 16 R
18 27 X
6 21 U
1 23 R
23 21 X
7 11 U
5 7 U
14 1 U
13 25 U
19 18 U
23 13 U
14 19 L
25 1 R
23 19 U
1 14 X
20 8 X
6 4 U
16 3 R
3 24 L
8 13 U
28 18 R
9 19 X
13 24 X
21 18 L
17 30 L
30 7 X
26 3 U
15 11 U
16 26 L
12 4 U
3 22 L
24 18 R
18 2 L
14 3 R
3 16 U
29 16 U
29 2 R
20 24 D
21 14 D
26 8 R
11 22 D
16 9 D
17 22 R
29 21 R
4 1 D
15 5 D
6 12 D
2 27 U
27 7 L
7 19 D
18 4 U
27 24 R
17 11 U
26 29 R
17 6 R
15 24 U
5 25 R
11 23 R
12 11 D
10 4 L
17 24 X
29 12 D
24 10 L
18 20 L
24 15 D
1 5 D
1 10 X
12 17 U
1 20 D
7 24 R
13 23 D
17 17 L
12 1 X
7 6 U
17 14 L
5 20 L
2 19 L
30 28 X
12 6 L
10 27 U
9 22 D
11 15 L
24 16 X
30 5 R
26 26 D
29 14 D
2 2 R
15 17 X
5 27 X
24 4 D
25 20 D
22 3 R
23 25 U
17 25 R
2 10 R
10 2 L
20 22 U
19 27 D
2 9 U
6 28 L
13 26 U
24 8 U
6 2 L
30 19 U
10 9 R
26 16 R
4 5 D
23 30 U
11 6 R
8 11 R
10 20 D
19 12 R
25 6 L
6 26 L
4 29 R
15 29 R
10 12 R
19 15 L
29 7 L
3 18 X
4 15 U
22 20 U
18 28 R
21 12 D
23 12 L
3 8 D
12 3 X
19 17 L
1 19 L
18 10 U
11 25 U
20 30 D
21 5 X
26 10 U
4 18 D
7 30 D
28 10 U
19 26 X
18 11 R
30 22 L
17 20 X
14 15 L
30 30 U
25 23 L
29 23 D
25 29 L
3 10 X
28 8 R
6 17 L
