188
199
1 10 L
3 13 U
25 13 R
23 14 U
7 6 U
10 23 R
6 18 D
30 19 U
27 19 D
27 23 D
23 10 U
22 8 D
24 7 U
21 28 D
23 17 R
16 22 X
18 7 U
14 20 R
26 6 D
2 23 D
6 4 U
16 29 D
10 11 L
9 1 D
22 20 U
12 13 U
29 21 R
29 23 D
10 5 D
4 6 R
21 22 R
8 9 L
28 6 D
14 29 U
5 2 L
30 25 U
12 17 U
25 1 R
28 17 L
24 27 L
26 14 L
3 8 D
3 20 R
4 4 X
6 13 D
11 22 U
8 20 L
7 21 L
22 18 R
14 1 U
23 23 R
20 17 D
29 27 U
1 15 D
17 19 D
27 1 X
7 16 R
16 3 R
21 25 D
21 4 D
16 10 R
6 26 L
11 21 L
7 1 U
2 2 R
24 4 U
4 24 R
18 30 L
19 23 L
25 11 L
19 12 U
2 17 U
9 16 D
26 4 U
1 12 L
25 30 D
17 25 U
1 21 X
5 8 R
6 28 L
8 25 R
17 11 L
2 25 U
10 14 D
12 10 U
20 13 U
20 15 R
21 11 D
20 5 L
16 1 R
10 18 D
19 20 X
22 16 R
23 12 U
6 24 U
23 2 X
13 8 D
12 27 L
18 17 R
15 8 L
9 20 R
4 29 R
5 11 D
8 11 R
12 21 R
15 11 U
24 20 R
18 2 U
23 6 U
27 21 U
13 25 U
27 9 R
27 27 L
14 10 D
21 1 D
18 9 U
28 25 U
4 26 D
4 17 D
2 6 L
10 19 D
25 16 L
28 14 X
25 9 U
26 3 U
30 7 X
30 3 L
20 30 D
9 18 U
30 15 L
5 20 L
15 13 L
14 3 R
28 10 L
15 18 U
15 5 D
8 29 R
17 14 L
23 29 L
2 30 L
19 10 D
30 5 R
16 9 U
7 19 U
24 25 X
1 7 R
6 30 X
1 19 L
18 16 D
20 26 R
26 25 L
26 19 R
17 17 L
14 13 L
30 30 U
15 24 U
12 4 R
17 15 D
1 26 R
24 2 L
12 19 R
28 3 D
9 7 X
15 26 X
27 29 D
29 12 D
19 28 X
17 27 L
24 18 R
1 4 X
21 26 R
13 12 L
12 12 U
7 11 R
2 28 U
22 5 D
27 12 X
3 14 R
11 25 L
10 27 U
13 14 D
26 18 D
17 24 L
30 10 R
24 5 D
14 22 R
3 16 U
3 18 U
18 5 U
3 11 U
11 2 X
5 6 L
4 10 L
13 5 D
21 19 U
16 8 L
23 13 U
5 22 L
23 26 R
