182
201
3 11 U
13 4 D
15 25 D
26 19 R
29 18 R
25 11 L
13 16 L
20 13 U
1 12 L
30 30 U
17 12 D
2 9 U
12 8 U
1 7 R
7 28 L
29 21 D
6 18 D
22 29 L
15 4 D
4 21 U
10 12 D
3 14 R
9 30 U
1 16 R
24 22 L
11 22 D
26 3 U
27 23 D
5 30 U
6 7 L
4 18 D
4 27 X
30 3 L
17 6 U
4 23 U
27 5 R
5 10 L
28 8 R
29 5 R
6 20 D
7 2 X
9 22 D
12 4 R
23 26 U
1 23 R
18 9 U
21 21 L
24 11 U
13 24 D
9 16 D
18 26 U
30 28 X
4 2 U
6 24 R
26 12 R
21 11 D
19 19 U
27 21 L
3 29 U
30 25 U
17 28 R
1 29 L
10 27 U
13 2 L
23 19 L
25 24 D
13 12 D
25 17 D
10 7 D
25 6 L
2 2 R
28 1 D
22 7 L
19 1 U
26 28 X
23 1 U
8 9 L
6 12 D
15 2 R
8 25 U
20 29 X
20 17 D
27 17 R
18 4 U
9 3 D
15 11 R
21 19 U
13 21 R
6 5 U
25 30 D
18 17 R
30 15 L
16 8 L
24 28 D
22 3 R
23 13 U
28 28 L
25 1 R
1 19 L
19 23 L
11 1 U
11 16 R
30 10 R
5 2 L
2 21 L
6 4 U
28 15 R
2 19 L
10 14 L
10 11 L
15 6 R
22 23 R
2 27 U
26 26 D
28 25 U
12 18 U
16 30 U
15 27 X
22 15 L
3 5 U
29 12 D
12 10 D
14 13 R
14 10 R
8 11 R
12 14 U
18 14 R
13 26 U
18 30 L
30 7 L
12 13 U
12 11 D
3 25 D
12 19 U
21 26 R
1 4 X
22 9 R
17 14 L
10 20 D
17 1 R
23 17 U
3 16 U
20 11 L
1 14 X
9 24 D
15 17 X
8 13 U
13 20 U
14 20 R
14 22 R
24 10 L
26 8 R
5 25 L
5 27 D
14 19 L
6 26 U
29 23 D
4 6 R
22 5 D
8 20 L
24 25 R
14 29 U
17 22 R
11 25 U
7 26 D
23 25 U
16 12 L
13 5 D
10 18 X
20 15 R
21 12 D
24 8 U
4 19 D
18 10 U
19 6 X
17 17 L
16 10 U
11 6 L
28 10 U
16 20 X
19 27 D
3 8 D
1 26 L
11 11 L
21 1 X
20 3 R
26 14 U
17 24 X
5 16 R
24 24 U
24 4 D
14 9 L
7 16 U
29 13 D
7 24 X
7 4 X
7 22 X
21 13 X
21 25 L
28 12 L
30 22 U
