190
198
3 9 D
15 2 R
7 28 L
6 24 U
12 13 U
27 9 R
1 7 R
10 20 D
1 20 D
23 14 U
12 17 U
8 7 R
20 14 U
14 15 U
1 5 D
24 7 U
17 11 U
6 8 X
20 22 U
22 29 L
28 25 D
17 3 R
7 26 D
6 2 L
6 21 U
3 1 R
29 12 D
24 25 R
9 18 U
21 2 X
17 22 R
14 22 U
10 8 D
30 30 U
6 17 L
25 20 D
25 13 D
25 16 L
3 22 L
14 17 X
2 27 U
3 11 U
13 23 D
17 30 L
28 20 L
17 20 X
30 20 R
16 16 D
14 19 L
15 29 R
21 11 D
8 21 D
25 23 L
19 2 X
26 23 R
2 25 U
15 6 R
16 8 L
17 18 D
11 3 R
17 27 L
26 6 D
17 1 D
2 30 L
5 6 L
27 11 D
4 29 R
19 27 D
23 26 U
20 11 L
23 3 R
19 19 U
14 13 L
27 27 D
24 27 U
17 6 U
30 24 L
1 10 R
13 6 X
18 16 D
21 16 U
3 7 D
13 28 R
27 17 U
9 28 L
1 3 D
28 6 D
8 13 L
23 21 D
2 17 R
2 14 R
13 26 U
10 15 R
5 27 D
29 14 D
18 25 X
30 3 L
15 21 U
14 1 U
12 19 R
1 16 R
24 10 L
6 4 U
25 18 X
14 10 D
4 24 R
12 21 R
22 7 L
12 11 D
16 24 R
4 18 D
11 23 D
9 5 X
29 16 U
30 22 U
4 15 U
24 5 D
10 26 L
11 1 U
6 13 D
13 4 D
9 3 D
21 9 X
28 22 R
8 25 U
27 29 D
30 10 R
1 23 R
30 5 R
22 5 L
16 13 D
3 5 X
20 5 L
19 8 X
22 23 U
9 30 U
23 1 D
23 29 L
24 28 D
11 6 L
21 19 U
7 19 L
13 8 D
15 8 R
21 28 L
30 28 X
23 17 R
29 18 R
16 9 D
26 2 U
1 1 X
4 26 D
21 18 L
28 1 D
26 14 U
5 2 L
29 9 U
19 29 U
25 21 D
16 10 D
15 4 D
1 13 D
10 18 D
10 12 D
12 10 U
26 25 D
23 19 U
4 13 X
8 15 X
23 12 L
11 25 D
7 30 X
24 24 U
27 19 L
18 5 U
28 4 X
4 19 D
5 10 L
10 11 L
18 14 L
15 26 X
7 11 R
21 12 D
26 4 U
12 14 U
23 10 U
20 24 D
5 25 D
13 24 D
23 30 U
3 24 L
12 24 U
16 12 U
18 11 R
11 22 U
20 20 D
24 20 L
22 18 L
