219
194
20 30 D
30 18 X
18 20 L
15 13 L
4 11 X
14 19 L
1 16 D
22 20 L
20 24 D
22 29 L
11 25 L
18 6 X
9 25 R
1 10 L
14 16 X
24 5 D
1 19 L
8 27 L
3 8 D
24 22 L
30 20 R
1 29 D
27 21 L
2 10 R
15 21 U
30 15 L
26 4 U
18 9 U
29 11 U
15 6 D
4 4 D
4 2 U
26 29 R
24 28 U
13 14 R
29 29 R
21 16 U
12 19 U
21 1 D
26 2 U
13 23 L
29 24 R
15 29 R
6 29 X
3 7 D
15 4 D
8 17 R
17 1 R
1 12 L
3 25 D
2 14 R
16 16 D
28 20 L
18 26 U
20 20 D
1 3 D
5 27 L
2 28 U
2 19 R
16 13 D
29 9 U
13 4 D
9 30 U
13 21 X
11 1 U
7 1 U
5 2 L
6 17 D
26 8 R
17 28 X
23 9 L
6 12 D
1 1 X
19 15 L
26 6 D
5 23 R
23 6 U
25 26 U
3 9 D
10 27 U
18 5 U
25 21 D
7 19 U
8 11 R
22 23 U
14 9 D
22 3 R
23 1 D
14 10 D
24 11 U
5 8 R
28 17 L
15 25 D
9 22 L
22 18 L
7 24 R
16 10 R
11 6 R
10 14 L
6 10 R
30 22 U
14 29 U
10 4 L
13 12 D
15 23 U
4 5 D
16 14 X
12 4 R
25 20 D
27 22 X
26 18 D
5 6 D
14 25 L
8 3 X
7 5 X
1 26 L
17 18 D
20 11 L
29 12 D
15 2 R
28 1 D
29 10 X
17 15 D
22 7 D
20 28 L
21 26 R
13 2 L
17 30 L
30 10 R
27 24 R
28 3 D
4 21 U
1 5 D
12 8 U
30 4 X
13 5 D
3 22 R
12 14 U
8 13 U
4 17 D
21 11 D
24 3 D
12 10 D
11 23 D
10 11 L
30 7 L
4 19 D
13 25 U
10 18 D
16 8 L
27 11 L
17 22 R
14 7 R
18 30 L
20 18 R
19 4 D
29 20 L
29 13 D
7 21 L
12 12 U
19 12 R
23 26 U
6 14 X
9 24 D
25 24 D
21 10 D
23 14 U
28 5 X
3 4 X
11 16 U
24 18 U
30 26 X
21 5 X
25 19 U
19 23 L
13 26 U
3 30 D
12 13 U
21 13 D
6 26 R
5 25 D
28 30 L
11 22 U
18 24 X
10 17 D
10 20 D
17 12 D
26 15 U
15 11 U
9 8 U
27 27 D
19 2 X
27 13 U
23 16 X
