202
194
15 6 D
5 2 L
22 7 L
8 13 L
26 26 X
4 26 L
2 10 R
26 23 R
7 1 U
28 1 D
20 23 D
15 4 D
3 16 U
21 11 D
10 14 L
13 2 L
5 27 D
2 4 L
14 6 L
28 22 R
27 11 L
1 13 D
1 19 L
24 10 L
14 29 U
28 28 L
6 10 R
12 27 L
7 19 L
19 19 U
29 13 D
13 12 D
29 5 R
16 8 L
25 23 L
30 24 L
13 25 U
1 23 R
23 25 U
13 4 D
9 30 U
22 5 L
24 27 U
28 8 R
1 2 X
12 14 U
8 25 U
2 27 U
22 18 R
8 17 U
2 17 R
3 19 X
24 25 R
10 18 D
16 12 U
25 13 R
23 1 D
10 11 L
28 20 U
14 7 D
26 22 L
13 9 R
18 4 U
12 11 D
26 15 U
17 1 D
6 13 D
21 29 R
1 7 R
23 14 U
29 11 U
18 11 R
19 27 D
12 10 U
23 12 U
14 10 D
12 17 U
26 8 R
15 18 U
23 26 U
14 9 D
7 11 R
9 2 X
11 6 R
23 3 R
15 24 U
16 16 D
29 12 D
4 21 U
21 16 R
12 13 U
21 1 D
17 3 L
15 14 U
17 30 L
4 29 R
16 26 L
18 10 U
23 30 U
1 10 R
1 30 X
10 17 L
9 24 D
4 5 D
6 17 U
11 25 U
17 24 L
3 1 R
8 4 X
26 4 U
7 26 R
30 7 L
20 3 R
30 10 R
5 15 X
3 14 R
4 10 L
3 7 D
26 28 U
29 14 D
7 29 X
14 22 L
13 20 U
18 5 U
11 22 U
28 26 U
6 4 U
17 18 D
3 29 U
21 26 R
5 25 D
27 13 U
17 14 L
5 20 R
21 5 X
27 17 R
9 28 L
25 6 L
1 15 D
17 6 R
29 26 L
11 11 R
8 9 L
29 16 U
22 9 R
30 30 U
30 22 U
24 8 U
15 11 U
6 24 U
27 24 R
19 10 D
5 8 U
17 20 X
30 3 U
25 19 U
30 20 R
2 28 U
7 6 U
4 12 X
12 24 U
23 29 X
29 18 R
21 21 L
27 30 U
10 8 D
23 16 X
22 23 R
18 28 R
10 4 D
19 15 L
1 26 L
24 24 U
9 18 U
19 21 R
7 21 L
24 18 U
2 21 L
24 28 U
20 13 X
20 18 R
21 25 L
25 20 D
10 20 D
26 2 U
23 6 R
23 21 D
4 23 U
16 3 U
11 1 U
24 16 X
25 17 D
27 5 R
27 19 D
