189
197
2 9 U
13 28 R
4 10 L
6 10 R
20 30 D
15 6 D
1 12 L
23 13 U
25 16 L
4 6 R
3 12 X
28 22 R
19 12 R
30 22 L
16 10 R
18 2 U
1 5 D
1 19 L
23 9 L
12 13 U
26 18 D
6 12 D
18 22 D
23 12 L
25 6 L
29 18 R
6 2 L
3 24 L
27 24 U
29 26 L
5 22 L
18 30 L
3 16 U
8 2 X
26 2 U
5 20 L
7 28 L
13 21 R
22 9 R
19 19 U
15 2 D
15 21 U
8 13 U
26 10 D
29 12 D
21 10 U
11 26 D
30 7 L
22 7 D
1 16 R
30 15 L
3 29 U
12 8 U
30 10 R
26 8 R
4 18 D
29 27 U
7 24 R
24 3 D
6 17 D
10 11 L
3 1 R
15 25 D
20 26 R
19 17 L
12 17 U
10 20 D
29 29 R
23 17 U
24 13 X
24 18 U
24 14 D
16 23 D
28 26 U
17 20 X
7 19 U
6 26 L
8 7 R
10 5 D
6 15 R
19 15 L
2 17 R
24 25 R
28 8 R
19 10 X
26 4 U
11 9 R
15 18 U
13 5 D
10 2 R
21 22 R
24 20 L
26 28 U
6 24 U
18 4 U
24 10 D
21 16 U
15 8 U
17 18 D
21 14 D
9 25 R
13 19 X
18 26 U
12 15 D
2 21 D
5 8 U
30 24 L
14 30 D
8 11 R
28 20 L
2 14 R
1 3 D
9 28 L
21 12 D
1 26 R
21 4 D
9 24 D
14 10 U
24 27 U
23 3 R
23 6 U
26 22 U
12 1 D
17 15 D
23 1 D
16 27 X
27 16 D
11 29 X
16 13 D
22 29 R
20 24 D
10 14 L
25 9 U
11 23 R
9 22 D
25 13 D
13 23 D
8 17 R
5 28 X
7 21 L
27 11 D
3 20 U
4 26 L
15 4 D
10 7 D
14 13 R
17 11 L
28 6 U
12 11 D
16 29 D
26 19 R
27 30 U
4 14 X
10 18 D
23 23 R
21 18 L
3 4 X
25 17 D
1 7 R
2 10 R
30 20 X
22 20 L
9 30 U
17 8 R
14 16 X
4 17 D
20 28 X
2 24 U
13 25 U
17 6 R
23 25 U
28 1 D
12 21 L
6 4 U
12 3 X
17 12 D
18 24 X
22 5 D
27 14 X
21 1 D
16 12 U
7 26 D
5 30 U
20 5 L
11 25 U
1 29 L
30 3 U
4 5 D
29 13 D
29 5 R
5 6 D
17 1 D
27 19 R
2 25 U
23 26 U
25 25 X
1 1 X
