189
203
5 22 L
4 10 L
6 4 U
10 19 D
23 29 L
10 23 R
7 28 L
1 3 D
8 9 L
11 6 R
26 16 R
7 30 D
17 8 L
26 8 R
14 30 D
6 15 R
17 1 D
26 2 U
15 4 D
30 7 L
23 23 R
2 24 U
7 26 D
26 19 R
29 27 U
28 30 L
22 18 D
23 10 U
12 11 D
5 7 U
1 19 L
21 4 D
30 15 L
16 10 U
28 15 R
13 24 D
16 16 D
29 29 R
10 11 L
3 1 R
17 6 U
26 5 U
5 29 X
24 8 R
21 16 R
18 28 R
27 21 U
11 25 U
30 24 L
20 24 D
18 14 L
9 18 U
10 18 D
1 22 X
23 13 U
22 7 D
19 23 L
4 24 R
11 1 U
22 20 U
26 29 R
27 11 D
9 3 D
20 5 L
28 8 R
15 8 U
26 10 D
8 17 U
15 18 U
13 4 D
4 15 U
24 18 R
2 9 U
3 5 U
5 25 L
25 13 R
6 18 U
3 22 L
3 24 L
18 26 U
29 4 L
17 30 L
29 13 D
6 20 L
2 14 L
21 11 D
28 1 D
5 2 L
23 25 U
9 28 L
17 18 D
29 5 R
12 8 U
30 10 R
10 21 U
12 19 R
15 25 D
8 13 L
13 16 L
11 3 R
18 20 L
6 5 R
13 14 D
9 25 R
20 20 L
25 23 L
30 22 L
2 25 U
15 13 L
10 17 D
1 10 R
2 28 U
17 22 R
12 21 R
19 12 U
14 22 U
2 7 X
18 10 U
23 16 X
28 18 R
6 13 D
18 5 U
4 5 D
7 19 L
13 28 R
13 2 L
26 26 D
4 19 D
24 2 L
15 2 R
5 27 L
25 11 L
27 24 R
13 25 U
25 21 U
7 1 U
11 23 D
13 12 D
24 11 U
16 14 X
14 10 U
27 13 U
23 14 U
29 24 R
21 26 R
16 13 D
25 27 R
3 30 D
16 28 X
16 12 L
1 12 X
21 29 R
19 30 X
24 27 U
23 1 U
7 21 L
1 16 R
19 17 L
24 4 D
29 20 L
10 14 D
12 12 U
30 17 X
12 24 U
20 14 U
8 20 L
14 6 L
7 11 R
25 26 U
28 6 U
1 1 X
8 6 X
7 23 X
23 12 U
21 6 D
23 6 L
6 9 U
4 17 D
21 2 X
29 12 D
30 3 L
2 17 R
18 4 U
1 20 D
3 12 X
1 26 R
11 26 D
20 9 R
12 10 U
19 2 X
14 9 D
17 3 L
21 22 R
14 7 D
23 26 U
15 21 U
22 29 L
3 26 X
20 26 R
13 5 U
6 17 X
9 19 X
22 8 D
