303
179
1 20 D
1 10 R
27 12 X
7 19 D
12 10 U
27 24 R
2 2 D
15 4 D
19 19 D
14 10 U
18 6 X
18 10 U
9 30 U
15 6 R
30 7 L
26 18 D
22 16 X
16 13 D
13 21 R
3 25 D
2 23 D
2 9 U
17 18 D
15 11 L
8 15 X
1 2 X
21 6 D
7 6 U
29 12 D
5 10 L
8 25 R
25 20 D
9 1 D
9 12 U
3 11 U
24 10 L
25 24 D
1 13 D
7 14 L
26 8 R
12 4 R
5 6 L
16 27 X
28 20 U
7 1 U
23 12 L
18 5 U
4 21 D
1 26 R
9 13 X
1 7 R
23 14 U
2 4 R
19 29 U
11 2 X
5 25 R
7 22 X
13 2 L
22 18 L
5 23 R
10 8 D
26 22 U
6 5 X
21 25 D
11 21 L
3 7 D
30 10 R
14 9 D
18 22 D
23 30 U
21 4 D
10 17 L
11 22 D
21 12 D
19 26 X
20 20 D
22 20 X
30 15 L
18 26 U
18 20 L
1 16 R
15 23 U
21 19 D
3 19 X
7 28 L
6 18 D
12 24 U
30 22 R
28 28 R
12 12 U
11 25 U
14 3 D
13 18 D
17 15 D
6 17 D
15 5 D
27 11 D
28 18 R
29 26 L
21 28 L
20 26 R
30 26 X
10 18 D
5 2 L
12 1 X
16 8 L
7 8 D
15 29 R
6 12 L
23 3 R
14 13 L
24 7 U
20 14 U
4 4 D
10 14 L
29 16 X
20 17 D
27 16 D
9 11 X
28 1 D
13 19 X
23 29 L
29 4 L
10 6 X
13 4 D
2 30 L
16 10 R
19 8 X
17 24 L
10 28 X
20 23 D
11 3 R
3 27 X
24 22 L
12 11 D
21 26 D
10 26 U
15 19 X
17 30 L
10 19 D
12 13 U
17 17 L
30 19 U
28 7 X
24 18 R
13 26 U
14 15 L
25 29 L
30 24 X
2 17 L
23 25 L
25 13 D
28 26 U
17 1 R
23 1 U
17 6 U
26 29 R
27 21 U
19 1 U
13 20 U
14 7 R
13 16 L
10 27 U
30 30 U
26 14 U
24 27 U
29 13 D
19 27 X
22 8 D
23 13 U
23 16 X
24 3 D
24 5 D
24 13 X
25 1 U
25 12 X
22 23 R
26 1 X
9 10 D
