188
199
6 9 U
2 17 R
2 8 U
2 25 U
10 5 D
3 14 R
12 15 D
24 7 U
5 20 R
7 6 U
21 25 L
22 23 R
5 6 L
13 18 D
14 30 D
21 21 L
8 21 D
28 22 D
17 24 L
11 9 R
7 14 L
30 10 R
6 20 D
3 5 U
23 19 L
10 19 D
19 4 D
29 20 L
29 9 U
8 25 R
9 19 U
21 6 D
6 28 L
30 15 L
4 26 D
7 19 U
7 11 R
11 3 R
29 2 D
2 28 R
4 24 R
8 29 R
24 5 D
12 13 U
11 21 L
22 8 D
12 27 L
29 24 R
9 16 D
27 16 D
27 24 R
17 6 L
15 23 U
24 25 R
23 13 U
13 20 U
2 2 D
26 6 D
23 10 R
24 28 U
27 9 U
13 25 U
23 21 D
10 7 D
27 11 L
1 20 D
2 4 L
15 5 D
9 3 D
25 30 D
4 29 R
16 13 D
21 11 D
26 4 U
1 23 R
4 1 D
22 3 R
13 24 D
29 11 U
17 15 D
13 8 D
2 12 L
21 18 L
17 1 D
13 2 L
15 21 U
18 30 L
8 7 R
27 23 D
7 4 X
3 22 R
21 26 D
26 23 R
10 27 U
17 8 R
6 24 R
22 16 R
27 1 X
3 7 D
1 26 R
26 18 D
29 5 R
17 18 D
11 22 U
28 26 U
29 13 D
13 23 U
18 4 U
4 10 L
26 22 U
21 28 L
13 5 U
15 4 U
20 9 R
19 24 X
28 30 D
25 27 R
10 18 D
17 27 L
25 16 L
15 2 R
27 21 U
1 10 L
4 16 X
5 3 R
10 14 L
18 10 U
19 17 L
25 1 U
11 1 U
30 7 L
8 27 U
24 18 R
30 22 L
5 13 X
21 1 D
15 25 D
14 13 L
24 27 U
25 20 D
1 15 D
9 10 D
6 18 U
28 18 R
26 14 L
18 22 D
10 17 D
12 29 D
7 16 U
16 10 U
20 14 U
12 24 U
24 14 D
3 8 D
25 11 L
5 11 D
20 30 D
28 28 R
30 17 X
23 14 U
3 20 R
19 12 U
19 19 U
1 6 X
4 19 D
1 12 L
23 30 U
24 3 D
11 25 U
14 10 U
6 17 U
30 29 X
12 11 D
6 22 X
18 2 U
9 12 U
30 26 X
16 8 L
14 6 L
23 12 U
7 1 U
20 26 R
1 19 L
3 13 U
29 12 D
15 19 X
30 24 L
16 12 L
17 28 R
22 5 D
17 17 L
6 26 X
28 20 U
23 25 L
14 15 L
1 29 L
12 12 U
16 29 X
26 2 U
