356
161
30 25 U
20 30 D
20 15 R
2 19 L
26 15 U
3 9 D
13 24 D
11 25 D
5 25 D
3 5 U
30 7 L
27 13 U
27 19 R
13 5 D
3 8 D
24 18 R
16 1 R
7 11 U
8 11 R
18 5 U
24 27 U
2 25 U
25 20 D
20 17 D
9 8 U
11 21 L
18 9 U
24 24 U
15 26 X
30 22 U
8 28 X
25 24 D
7 15 X
4 4 D
22 23 U
15 18 U
15 20 X
26 28 U
6 7 L
14 27 X
10 19 D
12 8 U
2 27 U
23 12 L
21 19 D
10 23 R
18 22 D
23 16 X
19 1 U
27 17 U
5 23 R
28 17 L
8 5 X
29 27 U
12 13 U
22 21 X
12 10 D
9 25 D
15 4 D
4 19 D
2 28 R
3 26 X
14 1 U
12 16 X
15 13 L
30 4 X
14 7 D
27 30 U
4 29 R
12 17 U
23 30 U
26 29 R
14 13 R
24 25 R
17 18 D
24 2 D
18 14 D
10 14 D
11 1 U
25 11 L
20 11 L
29 12 D
16 24 R
18 16 D
14 2 X
1 10 L
7 24 R
4 15 U
19 6 X
13 20 U
4 3 X
4 2 U
24 13 X
15 22 X
14 9 D
8 10 X
25 9 D
29 21 D
17 3 R
27 4 X
13 27 X
25 17 D
21 4 D
3 13 U
23 3 R
16 16 D
23 25 U
2 21 D
1 12 L
6 21 U
6 15 R
30 30 U
4 16 X
18 20 L
10 12 D
19 10 D
23 13 U
7 14 L
3 25 D
20 28 L
20 18 R
19 26 X
29 28 X
7 26 R
3 11 U
5 14 X
28 24 L
27 1 X
21 26 D
11 28 X
6 2 L
12 18 U
29 5 R
17 20 X
19 18 U
6 18 U
10 26 U
26 25 D
19 7 X
26 6 D
5 2 L
2 23 D
12 29 D
1 13 D
7 1 U
9 20 R
8 23 X
16 30 U
1 16 R
5 6 L
29 14 D
11 16 U
26 27 X
28 28 R
29 2 D
29 9 U
16 28 X
20 7 X
21 1 D
1 29 L
12 27 L
