188
199
17 11 L
5 23 R
1 10 R
4 18 D
14 15 U
9 30 U
12 29 D
12 14 U
17 3 R
25 27 R
1 13 D
21 26 D
6 13 D
8 7 R
7 24 R
30 27 X
3 14 R
19 1 U
25 21 U
6 7 L
17 25 U
19 12 R
23 9 D
22 15 L
2 23 D
17 6 U
16 9 U
4 1 D
7 1 U
9 24 D
13 21 R
10 7 D
21 18 L
4 4 D
29 24 R
27 29 D
17 12 D
17 19 D
23 17 R
18 16 D
1 15 D
11 21 L
7 19 L
8 21 D
29 2 D
24 7 U
13 26 U
27 23 D
2 25 U
10 26 U
2 2 D
7 26 D
5 27 D
1 29 D
4 21 D
24 5 D
7 11 U
12 12 U
24 25 R
16 8 L
29 11 D
23 1 D
6 18 R
5 20 L
24 18 R
23 30 U
30 30 U
27 13 U
16 30 U
17 27 L
30 22 L
7 28 L
26 8 R
29 16 U
2 19 L
14 9 L
25 11 L
26 18 L
22 5 R
22 23 R
23 13 U
17 14 L
4 6 R
3 11 U
6 20 D
12 10 U
13 12 D
10 5 D
28 6 D
1 5 D
28 26 U
26 15 U
5 29 X
13 2 L
28 18 U
15 5 D
16 23 D
12 18 U
8 13 L
3 20 U
10 14 L
21 1 D
21 13 X
29 20 L
6 5 U
9 19 U
10 11 L
3 9 D
28 22 D
15 21 U
14 13 R
21 7 X
21 10 D
9 3 D
26 5 X
7 16 R
18 30 L
3 30 D
2 27 U
19 27 D
13 4 D
13 24 D
2 8 U
18 14 D
3 22 L
25 1 R
12 13 U
11 23 D
14 19 L
17 1 R
23 25 U
19 6 X
1 19 L
29 14 D
11 1 U
20 15 R
21 28 L
5 25 U
26 25 D
20 24 D
18 22 X
20 20 L
10 28 X
11 3 R
23 26 R
14 29 X
16 12 U
29 4 L
11 16 R
15 2 D
2 17 U
12 8 U
26 3 U
16 16 D
19 18 U
20 3 R
26 10 D
9 16 D
18 9 U
20 22 U
24 24 U
15 6 R
16 10 U
28 28 L
23 3 R
14 6 L
23 12 U
28 8 R
12 6 L
24 11 U
5 10 L
25 30 D
26 19 R
30 5 R
11 25 U
15 4 D
3 8 D
27 11 D
24 28 U
15 25 X
14 10 U
27 19 D
30 24 L
10 19 D
21 11 D
17 28 R
22 20 L
4 17 D
24 14 D
6 17 L
29 12 D
13 25 U
1 20 X
27 24 U
20 11 L
8 17 R
4 26 D
27 21 L
6 26 L
