183
202
11 23 D
1 10 R
7 6 U
5 2 L
10 4 L
7 30 D
3 22 L
2 27 U
15 11 U
11 6 R
22 20 U
27 17 R
1 16 D
16 8 L
16 13 D
12 15 D
19 29 U
3 16 L
8 13 L
15 2 D
26 23 R
13 20 U
3 3 U
16 30 U
26 19 R
26 25 D
20 21 X
29 2 L
4 24 D
21 29 R
27 21 L
19 23 L
21 7 X
4 26 D
1 20 D
19 12 R
24 28 U
12 1 D
25 30 D
18 10 U
9 8 U
13 12 D
9 24 D
24 3 D
17 24 L
27 2 X
11 11 L
9 18 U
24 20 L
2 25 U
22 18 L
14 6 L
3 1 R
21 14 D
12 13 U
29 29 R
8 4 X
17 15 R
13 14 D
4 19 D
3 29 U
26 14 L
16 26 L
15 8 R
7 24 R
13 8 D
10 19 D
28 22 R
28 25 D
30 10 R
5 11 D
29 12 D
27 27 L
6 15 R
17 1 R
18 7 U
20 5 X
1 3 X
5 30 U
10 11 L
24 11 U
29 27 U
23 13 U
5 25 U
29 4 L
22 3 R
2 12 R
12 8 U
12 12 U
11 21 L
7 26 R
20 18 R
26 16 R
1 5 D
7 19 D
24 18 U
15 5 D
18 4 U
30 7 L
25 27 R
2 19 L
6 4 U
9 22 L
1 23 R
14 7 D
14 27 X
2 14 R
27 9 D
21 25 D
22 5 D
6 13 D
14 29 U
10 18 D
20 17 D
12 14 U
25 9 D
2 10 R
10 14 L
22 23 U
28 20 L
17 28 R
15 18 U
26 4 U
17 19 D
28 6 U
5 22 L
13 25 U
29 13 D
1 29 L
4 10 L
23 26 R
8 27 D
14 22 R
23 30 U
30 22 U
10 2 L
23 1 U
7 21 L
3 24 L
5 10 L
9 16 D
28 17 L
29 14 D
10 28 X
13 21 R
24 22 L
17 6 U
25 13 R
24 4 U
4 5 D
29 21 D
20 3 R
13 9 R
28 10 U
12 11 D
6 28 L
25 1 U
6 17 U
19 1 U
19 15 L
6 26 L
18 17 R
1 19 L
18 26 U
17 11 U
11 25 L
14 10 D
15 4 D
16 9 D
18 11 R
15 24 U
4 13 X
27 11 D
24 24 U
25 16 L
1 7 R
4 6 R
12 17 U
16 12 U
26 5 U
20 26 R
27 30 X
21 26 D
30 16 X
30 24 L
30 19 U
21 10 D
3 8 D
7 1 U
8 17 U
6 12 D
14 20 R
13 4 D
18 5 U
8 25 R
21 28 D
23 6 U
7 10 X
21 12 D
23 9 L
17 12 X
6 18 D
