196
203
4 21 U
24 11 U
8 29 R
4 10 L
1 10 L
7 14 L
13 25 U
17 1 D
10 4 D
23 13 U
4 5 D
2 21 L
6 7 L
4 2 U
2 27 U
1 3 D
9 8 U
13 17 X
27 13 U
11 11 R
30 7 L
25 29 L
14 15 L
26 26 D
23 19 U
1 16 D
15 13 L
15 18 U
16 9 U
27 5 R
23 29 L
7 1 U
8 27 D
22 7 D
6 10 R
20 24 D
21 3 X
24 15 D
11 9 R
25 6 L
2 23 D
14 1 U
28 10 L
28 24 L
8 11 R
22 9 R
7 19 U
19 12 U
17 14 L
26 3 U
6 24 U
1 12 L
3 30 X
5 16 R
3 25 D
7 16 R
26 2 U
21 11 D
13 12 D
20 17 L
22 16 R
2 14 R
7 26 D
11 2 X
2 25 U
21 29 R
24 8 R
30 20 R
30 22 R
27 16 D
28 6 D
17 11 U
27 29 D
4 23 X
22 5 D
1 23 R
29 26 L
29 12 D
12 24 U
21 1 D
12 27 L
2 12 R
11 22 D
21 18 L
14 20 R
16 30 U
15 11 L
16 23 D
10 26 U
9 24 D
27 24 R
26 4 U
1 29 D
29 14 D
20 14 U
5 22 L
5 30 U
4 15 U
25 1 U
19 10 D
18 5 U
20 5 L
4 19 D
6 18 D
23 26 R
9 18 U
17 3 L
17 17 L
26 22 U
28 22 D
12 19 U
24 24 U
6 4 U
10 20 D
23 30 U
9 13 D
17 8 L
17 28 R
18 28 R
16 1 R
25 19 U
23 17 R
30 30 U
14 6 L
3 11 U
15 4 D
13 30 L
12 7 U
20 22 U
1 19 L
3 17 X
18 10 U
18 9 U
19 17 L
24 27 L
6 26 U
1 6 X
18 21 X
23 21 D
19 19 U
16 8 L
22 23 U
12 15 D
5 27 D
15 25 D
29 28 X
3 8 D
9 1 D
10 5 D
1 7 R
2 6 L
18 26 U
10 11 L
30 19 U
8 21 D
12 4 R
14 9 L
14 22 R
7 28 L
27 11 D
28 18 U
24 10 D
25 13 R
10 18 D
6 17 L
5 25 D
29 4 L
7 21 L
29 2 L
23 14 U
30 24 X
16 20 X
26 8 R
26 23 R
7 24 R
12 11 D
10 28 X
28 20 U
25 17 D
21 19 R
21 26 R
23 25 U
17 6 U
30 10 R
15 28 X
18 14 R
12 13 U
23 2 X
30 3 L
11 16 U
13 4 D
6 12 D
15 2 R
26 10 D
8 6 X
11 25 U
14 25 L
20 18 R
5 2 L
21 12 D
27 27 D
19 18 U
24 4 U
