170
200
23 26 U
2 6 L
24 24 U
28 8 R
1 26 R
4 4 D
29 18 R
12 8 U
3 13 U
4 18 D
5 23 R
15 5 U
20 24 D
23 12 U
30 10 R
7 26 R
19 19 U
21 13 D
27 30 U
6 28 L
21 11 D
3 22 L
6 12 L
26 5 U
29 20 X
4 29 R
28 10 U
12 27 L
12 13 U
1 2 X
6 17 U
29 27 U
29 14 D
7 24 R
18 9 U
7 19 L
12 29 D
5 27 L
15 18 U
25 1 R
27 21 L
22 9 R
29 12 D
26 3 U
9 24 D
8 7 R
26 16 R
24 4 D
22 7 D
1 10 L
26 18 D
28 25 D
18 30 X
4 2 U
29 16 U
25 29 X
9 20 R
10 11 L
16 24 R
26 23 R
17 12 R
27 23 D
25 13 R
14 25 L
23 19 D
18 7 U
23 25 U
23 29 L
25 27 R
12 18 U
27 11 D
1 12 L
13 21 D
8 11 X
5 20 R
19 1 U
21 28 L
2 24 U
21 4 D
28 6 U
13 12 D
6 5 U
20 26 R
21 21 L
23 6 U
4 15 U
8 13 L
8 29 R
24 18 U
7 21 L
11 3 U
30 5 R
3 8 D
2 17 U
16 30 U
15 2 R
1 19 L
5 10 L
14 10 U
21 1 D
17 19 X
16 10 D
18 28 R
7 16 R
27 27 L
12 12 U
1 15 D
2 4 L
12 6 L
4 6 R
14 28 X
20 15 R
28 3 D
13 23 D
14 13 R
21 18 L
18 23 U
26 25 D
29 29 R
2 30 L
6 2 L
10 14 D
10 19 D
13 16 L
5 25 U
24 22 D
24 15 D
23 17 U
11 25 D
18 14 R
6 30 X
23 1 D
2 28 U
22 8 D
20 22 U
23 9 D
25 20 D
10 27 U
27 13 U
30 22 L
28 1 D
3 11 U
11 1 U
2 8 U
15 21 X
22 15 L
14 7 R
19 17 L
22 23 U
20 20 L
9 22 D
3 9 D
24 5 U
3 20 U
19 12 R
10 12 R
9 19 U
11 16 R
11 22 D
17 1 R
6 7 L
30 24 L
7 14 L
15 6 R
24 25 R
17 17 L
22 20 L
26 10 L
6 18 R
14 9 D
13 4 D
18 4 U
16 8 L
25 11 L
20 30 D
23 10 R
27 19 D
3 26 X
8 2 X
21 10 U
16 14 X
17 21 X
10 5 D
15 4 D
1 22 X
9 16 D
13 2 L
17 25 R
17 6 L
12 11 D
16 12 U
10 20 D
19 4 D
30 3 L
17 11 U
16 28 X
15 11 U
23 3 R
11 11 L
29 5 R
