188
199
14 7 D
6 13 D
2 9 U
18 4 U
16 26 L
8 21 D
1 23 R
1 19 L
1 12 L
24 24 U
12 21 R
15 13 L
27 16 D
26 14 L
21 28 D
9 10 D
16 10 R
22 18 D
14 15 U
11 15 L
18 16 L
24 14 D
1 7 R
3 13 U
30 10 R
4 15 U
28 6 D
29 26 L
23 19 U
29 2 L
30 22 U
8 29 R
20 14 U
9 3 D
5 2 L
25 20 X
19 12 R
8 7 R
17 22 R
26 29 R
30 5 R
2 30 L
21 16 U
3 22 R
3 3 U
24 4 U
27 21 L
28 30 L
10 20 D
29 20 L
17 14 L
30 30 U
24 11 U
3 18 U
2 25 U
28 24 L
6 7 L
4 10 L
6 28 L
4 24 R
6 24 R
13 25 U
1 5 D
15 18 U
22 5 R
27 1 X
18 10 U
12 10 D
15 5 D
11 9 L
10 2 L
9 15 X
7 26 D
6 4 U
6 5 U
12 17 U
23 12 U
13 20 U
23 26 R
27 12 X
3 7 D
26 8 R
18 2 U
5 22 L
24 8 R
13 2 L
26 10 D
26 23 R
6 10 R
7 16 U
14 6 L
18 14 L
17 12 D
17 19 D
11 3 R
25 17 D
3 11 U
11 11 L
26 4 U
5 8 R
30 18 X
29 13 D
10 18 D
1 14 X
15 29 R
16 1 R
25 27 R
13 12 L
11 23 D
2 27 U
1 16 R
1 1 X
7 19 U
25 1 U
20 24 D
19 23 L
29 11 U
25 19 U
26 6 D
28 28 L
16 9 D
21 18 L
10 17 L
23 29 L
2 21 L
4 29 R
6 17 D
7 11 R
14 9 D
22 3 R
13 14 D
10 5 D
13 30 L
16 16 D
21 11 D
22 8 D
10 19 D
13 23 L
17 24 X
26 19 R
30 28 X
8 27 U
10 27 U
2 28 U
15 21 U
28 18 R
25 26 U
15 11 L
18 17 R
29 9 U
16 3 R
7 1 U
5 20 L
24 22 L
21 26 R
21 10 D
23 1 U
12 6 L
12 27 L
3 1 R
19 19 D
17 6 U
15 24 U
4 5 X
4 18 D
12 13 U
4 26 D
17 30 L
30 24 L
12 12 U
19 17 L
23 13 U
19 29 U
13 4 D
20 26 R
16 8 L
21 19 R
23 17 U
11 25 U
24 10 D
17 8 L
24 12 X
22 23 R
20 5 L
21 22 R
9 12 U
23 30 U
23 6 L
7 21 L
30 20 R
14 13 L
29 4 L
29 12 D
8 17 R
17 27 L
20 2 X
28 25 U
20 11 L
9 24 D
