191
189
10 11 L
6 7 L
27 30 U
11 6 L
7 1 U
3 11 U
20 22 X
3 22 R
4 10 L
25 6 L
13 12 L
27 17 U
12 13 U
8 17 R
30 25 U
13 2 L
30 27 X
1 3 D
6 18 U
25 13 R
20 26 R
3 3 L
21 29 R
15 13 L
18 10 U
3 8 D
27 9 U
24 24 U
15 21 U
9 19 U
9 20 R
29 16 U
7 16 R
3 7 D
6 28 L
2 1 X
7 11 R
25 16 L
10 27 U
20 14 U
3 20 R
5 2 L
1 26 R
16 3 L
3 14 R
11 21 L
23 6 L
21 18 L
23 21 D
1 10 R
13 4 D
28 24 L
18 4 U
6 26 L
30 5 R
29 13 D
30 30 U
12 12 U
18 28 R
23 12 L
12 19 U
13 20 U
19 18 U
20 20 D
12 18 U
17 14 L
25 19 U
17 1 R
29 9 U
7 19 U
30 10 R
10 15 R
18 22 D
5 30 U
19 12 R
27 13 U
7 14 L
8 11 R
11 26 D
19 30 X
1 15 D
6 17 L
23 17 R
1 12 X
28 20 U
22 3 R
1 13 D
21 26 D
25 21 D
29 18 R
2 28 U
14 15 U
24 2 L
15 25 X
21 11 D
9 25 D
16 30 U
4 17 D
26 23 R
1 20 D
5 22 L
23 26 R
17 19 D
2 17 U
30 22 R
14 27 X
4 5 D
26 19 R
13 23 L
28 26 U
14 29 U
29 7 L
8 29 R
6 4 U
16 10 U
2 8 U
22 2 L
20 9 R
10 17 D
16 27 X
27 7 L
24 25 R
28 22 D
26 4 U
23 10 U
1 5 D
29 2 D
2 30 L
17 6 U
10 23 R
22 8 D
2 25 U
21 12 D
6 9 U
17 25 U
12 24 L
26 28 U
20 3 R
7 24 R
1 23 R
7 21 L
4 24 D
10 4 D
12 10 U
19 24 X
14 10 R
6 12 L
13 25 U
23 29 L
9 8 U
14 22 R
10 29 X
29 4 L
24 4 U
19 1 U
26 11 X
21 6 D
5 20 L
27 19 L
26 2 U
18 16 D
15 8 U
23 19 U
4 26 D
11 1 U
22 23 U
21 25 D
15 18 U
8 27 U
22 15 L
15 6 R
12 14 U
11 25 L
17 12 D
30 20 R
24 8 R
12 8 U
26 25 D
28 28 R
16 23 D
15 1 X
14 13 R
13 24 D
2 12 X
21 16 U
9 1 X
18 26 U
18 7 U
29 12 D
