199
193
16 30 U
7 26 D
4 1 D
3 8 D
1 16 R
8 1 X
22 5 R
28 24 L
17 8 L
5 10 L
6 2 L
18 17 R
6 28 L
3 22 R
23 1 U
12 29 D
3 25 D
25 23 L
3 18 U
30 30 U
21 22 R
26 5 U
30 15 L
19 19 U
10 23 L
10 27 U
13 2 L
16 23 D
2 6 L
18 30 L
21 25 L
1 23 R
5 6 D
4 6 R
20 5 L
10 2 L
23 21 D
14 3 R
9 18 U
19 23 L
12 6 L
4 13 X
21 3 X
6 20 D
27 5 R
10 5 D
28 3 D
15 17 X
20 14 U
7 14 L
17 12 D
27 19 D
17 27 L
19 12 R
26 4 U
12 27 L
29 11 U
1 12 L
18 2 L
15 2 D
24 3 D
29 9 U
7 9 X
14 20 R
24 7 U
28 22 D
5 30 U
14 22 U
12 21 R
12 4 U
3 11 U
30 7 L
8 20 L
1 10 L
30 17 X
28 17 L
14 19 L
15 5 U
7 16 U
13 24 D
3 16 U
27 12 X
17 6 L
12 12 U
9 16 D
23 23 R
25 20 D
20 17 D
27 29 D
28 1 D
2 28 U
8 7 R
28 7 X
24 15 D
1 26 R
14 9 L
25 11 L
13 14 R
22 18 D
12 10 U
14 28 X
16 20 X
20 11 L
3 20 R
7 22 X
23 25 U
26 25 L
18 25 X
19 27 D
2 2 R
25 13 D
21 10 D
21 29 R
18 10 U
7 11 R
10 8 D
27 9 R
5 25 L
18 4 U
7 30 D
29 5 R
29 20 L
7 24 R
6 4 U
6 18 D
4 4 X
25 18 X
17 15 D
24 5 U
25 9 U
27 27 D
15 11 U
22 8 D
23 10 R
24 28 D
4 18 D
30 22 L
15 25 D
29 13 D
1 19 L
23 17 U
30 25 U
26 14 U
12 18 U
30 24 L
20 1 X
15 4 L
15 6 R
21 11 D
16 13 D
2 8 U
16 3 R
11 25 L
9 25 R
11 21 L
30 28 X
9 12 U
21 12 D
1 21 X
22 20 L
22 15 L
19 7 X
23 13 U
23 26 R
2 14 L
17 17 L
1 29 D
13 12 L
26 2 U
10 14 L
5 11 D
2 4 X
18 21 X
21 19 U
16 29 D
4 10 L
27 21 U
4 27 X
9 10 D
5 22 L
23 19 D
23 30 U
8 4 X
10 19 D
17 11 U
11 16 R
16 10 U
8 28 X
17 1 R
26 29 R
26 16 R
14 13 L
11 6 R
