191
194
20 3 R
23 13 U
4 23 U
14 15 L
1 26 R
5 30 U
7 1 U
6 13 D
9 20 R
27 24 R
17 14 L
27 29 D
28 8 R
11 22 D
6 10 R
1 12 L
17 3 L
25 16 L
29 27 U
25 29 L
27 23 D
16 26 L
23 25 L
18 11 R
15 5 U
3 7 D
5 25 U
24 27 L
21 7 X
10 5 D
21 26 R
9 12 U
26 4 U
25 1 U
24 18 U
30 15 L
30 24 L
22 9 R
16 12 L
16 17 X
10 18 D
20 9 R
2 10 R
23 6 U
22 16 R
4 1 D
20 30 D
21 14 D
22 29 R
12 10 U
18 17 R
17 28 R
10 9 R
7 26 L
8 17 R
3 13 U
6 28 L
29 2 L
19 17 L
13 5 U
15 8 L
17 6 U
3 12 X
29 12 D
1 5 D
4 5 D
28 20 U
10 15 R
15 2 D
7 23 X
14 17 R
18 22 D
12 1 D
17 8 L
10 2 L
26 25 L
13 23 D
30 30 U
23 1 U
19 15 L
7 16 R
6 4 U
26 19 R
26 14 L
20 24 D
28 12 L
4 2 U
7 21 L
8 29 R
14 30 D
13 21 R
18 20 L
2 14 R
1 3 D
4 19 D
3 16 U
19 5 X
2 25 U
14 10 U
26 10 D
1 23 R
8 9 L
22 3 R
9 24 D
24 11 U
10 7 D
10 27 U
7 6 U
12 12 U
23 22 X
24 10 D
28 6 D
3 14 R
22 20 U
12 27 L
21 18 L
7 19 U
15 13 L
12 4 U
13 24 D
15 4 D
17 24 L
13 8 D
1 29 L
24 8 R
11 23 R
12 17 U
5 8 R
25 6 L
30 7 L
26 12 X
3 27 X
5 20 R
9 13 D
28 26 U
25 21 R
14 19 X
4 10 L
17 1 D
26 22 L
1 7 R
18 26 U
24 14 D
5 16 D
13 4 D
29 11 D
24 3 D
21 12 D
12 14 U
9 22 D
16 10 U
22 18 R
30 22 U
21 22 R
2 21 L
8 27 L
30 9 X
3 29 U
26 2 U
11 21 L
21 5 X
14 26 X
15 28 X
15 21 U
20 28 L
4 18 D
21 11 D
1 1 X
18 30 L
29 4 L
24 20 L
7 11 R
29 26 L
1 16 R
29 18 R
6 18 D
11 25 U
27 17 U
20 18 R
29 13 D
2 19 L
12 19 R
14 13 L
8 4 X
6 26 L
30 20 R
16 19 X
16 30 X
13 28 R
19 12 R
13 25 U
6 24 U
17 11 L
28 17 L
