197
196
4 2 U
10 4 D
12 15 D
28 20 U
1 12 L
23 29 L
4 10 L
6 26 U
30 22 U
14 13 R
1 16 R
8 29 R
2 24 U
6 12 D
4 5 D
25 9 U
12 27 L
21 16 R
8 7 R
17 24 L
29 11 D
23 10 R
7 1 U
17 11 U
16 30 U
3 14 R
9 24 D
4 18 D
20 23 D
9 10 D
26 3 U
10 21 U
23 12 U
15 24 U
16 10 D
30 20 R
30 15 L
4 24 R
18 26 U
1 3 D
13 20 U
2 27 U
17 17 L
25 17 D
11 6 R
5 16 R
13 18 D
16 24 R
7 14 L
10 14 L
9 19 U
25 29 L
1 7 R
17 3 L
28 15 R
7 19 L
4 21 U
21 19 R
17 18 D
21 14 D
26 22 U
2 10 R
27 11 D
14 7 D
16 8 L
21 26 R
18 22 D
28 8 R
16 20 X
26 25 L
2 19 R
5 8 U
24 10 D
17 15 D
25 19 U
13 5 D
24 27 U
12 1 D
25 1 U
1 26 L
13 25 U
19 19 U
6 4 U
26 14 L
3 16 U
12 18 U
23 21 D
27 27 L
9 1 D
8 27 U
28 6 D
16 1 R
30 9 X
14 22 L
20 3 R
23 19 U
29 26 L
17 12 R
17 28 R
28 22 R
16 12 U
7 11 U
14 10 U
27 17 R
15 18 X
20 26 R
4 6 R
18 30 L
24 24 U
18 11 R
29 13 D
30 5 R
21 10 D
30 30 U
26 19 R
10 19 D
21 1 D
3 29 U
6 24 U
8 22 X
12 4 R
15 5 D
10 27 U
14 2 X
11 11 L
22 23 R
12 9 X
26 10 D
7 16 U
10 8 D
30 24 L
20 30 D
11 25 U
11 21 L
15 23 U
29 18 R
1 29 L
20 9 R
15 4 U
6 20 D
23 13 U
18 9 U
23 26 D
12 13 U
15 16 X
21 25 D
25 7 X
24 14 D
6 21 U
1 5 D
30 28 X
5 6 D
14 29 U
1 10 L
24 12 X
26 5 U
18 5 U
28 28 L
27 12 X
19 28 X
10 17 D
5 2 L
3 8 X
21 28 D
15 26 X
27 30 U
6 28 L
22 8 D
9 12 U
5 20 L
19 12 R
24 4 D
19 17 L
20 14 U
2 23 D
22 3 R
18 7 U
23 6 U
29 2 D
24 2 D
19 1 U
5 30 U
11 23 D
13 23 L
12 21 R
29 4 L
8 17 R
6 18 R
3 12 X
23 17 R
17 6 U
11 22 U
24 5 U
2 25 X
2 26 X
3 6 X
