186
201
1 23 R
22 29 R
18 22 D
27 11 D
6 21 U
30 22 R
5 16 R
5 2 L
6 18 R
9 30 U
13 25 U
1 20 D
9 1 D
3 11 U
26 2 U
7 6 U
18 14 R
28 18 R
14 2 X
23 17 U
15 21 U
20 5 L
2 6 L
3 14 R
13 23 U
27 30 U
29 7 L
7 11 R
3 1 R
17 28 R
22 7 D
9 23 X
24 5 D
12 8 U
15 24 U
26 26 D
19 17 L
16 9 D
20 24 D
26 4 U
22 20 U
2 25 U
11 16 R
21 22 R
21 16 U
6 13 D
16 13 D
15 11 R
17 11 U
23 26 R
15 18 U
10 5 D
2 4 L
30 10 R
3 8 D
22 5 R
18 4 U
18 7 U
30 5 R
15 23 U
28 24 L
3 30 D
21 18 L
13 16 L
28 1 D
10 4 L
29 16 U
5 6 L
15 4 D
1 15 D
10 7 D
3 13 U
13 4 D
1 19 L
11 11 R
16 26 L
17 22 R
9 12 U
14 29 U
20 20 L
25 26 U
27 9 U
24 24 U
19 27 D
1 30 X
8 25 U
8 17 U
29 29 R
26 18 L
10 20 D
12 27 L
13 12 D
5 29 X
21 26 D
2 27 U
2 19 L
7 28 L
23 14 U
18 2 U
23 3 R
6 4 U
25 24 D
20 11 L
7 8 D
24 14 D
4 6 R
4 21 U
12 1 D
26 6 D
23 1 U
5 10 L
7 19 L
17 25 R
23 19 U
6 20 D
27 17 R
28 26 R
1 12 L
24 28 D
4 4 X
24 8 U
19 29 U
21 2 X
18 20 L
14 9 D
13 6 X
1 7 R
4 26 D
16 1 R
25 13 D
29 14 D
26 19 R
11 25 L
9 15 X
11 22 U
15 8 U
30 20 R
17 18 D
14 27 X
6 26 L
23 25 U
23 12 U
10 18 D
2 17 U
25 19 U
19 12 U
27 14 X
10 9 R
30 25 U
14 10 R
12 14 U
12 19 R
4 24 R
7 1 U
8 21 D
20 30 D
12 10 U
16 16 D
29 12 D
12 11 D
4 19 D
22 23 R
16 30 U
13 21 R
26 25 D
28 20 U
16 8 L
1 10 L
28 22 D
30 18 X
10 27 U
2 28 U
21 13 D
14 13 R
5 23 R
26 22 L
20 13 U
18 10 U
24 15 D
17 6 U
23 10 U
21 11 D
6 15 R
3 24 L
25 21 U
30 3 L
27 28 X
11 3 R
8 3 X
25 11 L
13 9 R
1 29 D
8 27 L
21 28 D
13 5 D
12 4 R
24 3 D
24 2 L
23 2 X
29 13 D
6 12 L
