38
15
1 1 X
5 10 L
4 6 X
10 8 L
2 4 R
3 3 R
6 4 D
8 3 D
3 6 L
7 8 U
5 7 R
8 7 U
8 5 R
1 7 D
7 6 U