25
19
1 4 L
1 1 X
9 7 D
3 8 L
10 3 U
6 4 R
7 2 U
4 2 U
2 6 L
5 10 L
8 10 X
6 7 R
7 6 D
2 8 L
9 5 R
10 1 U
4 8 D
4 5 U
5 3 R
