21
19
5 2 D
2 8 L
5 7 R
7 8 L
2 10 X
6 4 D
1 1 X
3 6 R
8 3 D
9 10 X
9 7 D
8 1 D
8 5 R
4 9 D
1 5 D
10 4 U
2 3 U
4 2 U
7 6 U
