16
20
5 10 L
1 4 L
9 5 R
5 7 R
4 2 U
2 2 X
2 8 L
6 3 L
2 6 L
6 1 D
10 3 U
3 8 L
4 5 U
7 6 U
7 8 U
8 10 X
9 7 D
8 1 D
6 4 U
8 3 X
