14
20
10 8 L
6 7 R
8 1 D
5 6 D
2 4 D
6 1 D
4 8 D
2 10 X
4 4 D
6 3 L
9 5 R
7 5 U
2 8 L
5 10 L
3 6 R
8 3 D
8 7 U
1 2 R
1 5 D
4 2 U
