18
18
8 1 D
2 3 U
1 7 D
6 1 D
8 3 D
7 6 D
7 5 U
5 10 L
1 5 D
6 3 L
4 4 D
4 2 U
3 6 R
9 5 R
10 8 L
5 6 D
6 4 D
8 10 X
