23
18
7 5 U
4 8 D
6 7 L
6 3 L
7 8 U
2 8 L
3 3 R
5 10 L
4 5 U
10 6 U
1 2 R
8 3 D
6 1 D
8 4 D
1 5 D
8 10 X
9 2 L
7 6 R
