15
19
1 2 R
8 1 D
10 8 L
6 1 D
5 7 R
2 4 R
9 5 L
8 7 U
2 8 L
4 4 U
3 6 L
8 3 D
4 2 U
5 10 L
1 6 X
9 10 X
6 3 L
7 5 L
7 8 U
