16
21
5 10 L
7 3 R
2 8 L
7 5 U
2 1 X
6 4 U
4 4 U
4 2 U
2 3 U
3 6 L
8 7 U
1 5 D
6 1 D
5 6 D
4 8 D
8 3 D
9 2 L
1 10 X
9 5 L
10 8 L
6 7 R
