16
21
1 2 R
7 8 L
3 1 R
6 3 L
10 3 U
4 5 U
2 8 L
8 1 D
8 4 D
6 1 D
7 6 U
4 7 U
9 7 D
1 10 X
5 10 L
8 5 R
5 3 R
2 4 D
6 4 R
2 6 L
9 5 R
