14
21
4 8 D
1 2 R
8 7 U
7 3 R
6 7 R
2 4 D
8 3 D
10 8 L
8 5 R
5 3 R
10 4 U
2 8 L
4 5 U
10 6 U
2 6 L
9 10 X
6 1 R
9 2 L
5 10 L
7 5 U
3 1 R
