21
20
2 2 D
2 4 R
6 1 D
10 1 U
4 8 D
7 6 R
3 6 L
6 3 L
8 5 R
9 7 L
1 7 D
5 5 D
2 10 X
10 4 U
8 3 D
7 5 L
6 9 U
5 3 R
1 2 R
9 10 X
