15
19
1 5 D
1 10 X
9 7 D
5 10 L
8 3 D
6 4 U
2 8 L
6 3 L
2 3 U
7 8 L
3 6 R
8 1 D
5 6 D
10 4 U
4 2 U
4 8 D
8 5 R
6 1 D
7 5 U
