15
20
2 8 L
5 10 L
3 1 R
8 7 L
8 1 D
7 2 L
2 6 L
1 10 X
8 3 D
4 8 D
7 5 L
6 7 D
5 3 R
6 3 L
9 5 R
6 4 R
10 8 L
2 4 D
1 2 R
4 5 U
